[24/Aug/2026 15:44:34] "GET /api/v1/public/verset-du-jour/ HTTP/1.1" 200 141
[24/Aug/2026 15:45:35] "GET /api/v1/public/verset-du-jour/ HTTP/1.1" 200 141
[24/Aug/2026 15:46:42] "GET /api/v1/audit-logs/?page_size=25 HTTP/1.1" 200 7313
[24/Aug/2026 15:46:42] "GET /api/v1/evenements/ HTTP/1.1" 200 847
[24/Aug/2026 15:46:42] "GET /api/v1/membres/ HTTP/1.1" 200 1331
[24/Aug/2026 15:46:42] "GET /api/v1/evenements/?page_size=5 HTTP/1.1" 200 847
[24/Aug/2026 15:46:42] "GET /api/v1/membres/statistiques/ HTTP/1.1" 200 2422
[24/Aug/2026 15:46:42] "GET /api/v1/public/verset-du-jour/ HTTP/1.1" 200 141
[24/Aug/2026 15:46:42] "GET /api/v1/membres/?page_size=5 HTTP/1.1" 200 1331
[24/Aug/2026 15:47:01] "POST /api/v1/auth/login/ HTTP/1.1" 200 748
[24/Aug/2026 15:47:01] "GET /api/v1/audit-logs/?page_size=25 HTTP/1.1" 200 7313
[24/Aug/2026 15:47:01] "GET /api/v1/public/verset-du-jour/ HTTP/1.1" 200 141
[24/Aug/2026 15:47:01] "GET /api/v1/evenements/?page_size=5 HTTP/1.1" 200 847
[24/Aug/2026 15:47:01] "GET /api/v1/membres/statistiques/ HTTP/1.1" 200 2422
[24/Aug/2026 15:47:01] "GET /api/v1/membres/?page_size=5 HTTP/1.1" 200 1331
[24/Aug/2026 15:47:01] "GET /api/v1/evenements/ HTTP/1.1" 200 847
[24/Aug/2026 15:47:01] "GET /api/v1/membres/ HTTP/1.1" 200 1331
[24/Aug/2026 15:47:03] "GET /api/v1/audit-logs/?page_size=25 HTTP/1.1" 200 7313
[24/Aug/2026 15:47:06] "GET /api/v1/audit-logs/?page_size=25 HTTP/1.1" 200 7313
[24/Aug/2026 15:47:09] "GET /api/v1/audit-logs/?page_size=25 HTTP/1.1" 200 7313
[24/Aug/2026 15:47:11] "GET /api/v1/audit-logs/?page_size=25 HTTP/1.1" 200 7313
[24/Aug/2026 15:47:14] "GET /api/v1/audit-logs/?page_size=25 HTTP/1.1" 200 7313
[24/Aug/2026 15:47:16] "GET /api/v1/audit-logs/?page_size=25 HTTP/1.1" 200 7313
[24/Aug/2026 15:47:19] "GET /api/v1/audit-logs/?page_size=25 HTTP/1.1" 200 7313
[24/Aug/2026 15:47:20] "OPTIONS /api/v1/membres/?page=1&page_size=10 HTTP/1.1" 200 0
[24/Aug/2026 15:47:20] "OPTIONS /api/v1/statuts/ HTTP/1.1" 200 0
[24/Aug/2026 15:47:20] "OPTIONS /api/v1/fonctions/ HTTP/1.1" 200 0
[24/Aug/2026 15:47:20] "GET /api/v1/statuts/ HTTP/1.1" 200 209
[24/Aug/2026 15:47:20] "GET /api/v1/fonctions/ HTTP/1.1" 200 52
[24/Aug/2026 15:47:20] "GET /api/v1/membres/?page=1&page_size=10 HTTP/1.1" 200 1331
[24/Aug/2026 15:47:21] "GET /api/v1/audit-logs/?page_size=25 HTTP/1.1" 200 7313
[24/Aug/2026 15:47:24] "GET /api/v1/audit-logs/?page_size=25 HTTP/1.1" 200 7313
[24/Aug/2026 15:47:26] "GET /api/v1/audit-logs/?page_size=25 HTTP/1.1" 200 7313
[24/Aug/2026 15:47:29] "GET /api/v1/audit-logs/?page_size=25 HTTP/1.1" 200 7313
[24/Aug/2026 15:47:31] "GET /api/v1/audit-logs/?page_size=25 HTTP/1.1" 200 7313
[24/Aug/2026 15:47:34] "GET /api/v1/audit-logs/?page_size=25 HTTP/1.1" 200 7313
[24/Aug/2026 15:47:35] "OPTIONS /api/v1/evenements/?page=1&page_size=100 HTTP/1.1" 200 0
[24/Aug/2026 15:47:35] "GET /api/v1/evenements/?page=1&page_size=100 HTTP/1.1" 200 847
[24/Aug/2026 15:47:36] "GET /api/v1/audit-logs/?page_size=25 HTTP/1.1" 200 7313
[24/Aug/2026 15:47:39] "GET /api/v1/audit-logs/?page_size=25 HTTP/1.1" 200 7313
[24/Aug/2026 15:47:42] "GET /api/v1/audit-logs/?page_size=25 HTTP/1.1" 200 7313
[24/Aug/2026 15:47:44] "GET /api/v1/audit-logs/?page_size=25 HTTP/1.1" 200 7313
[24/Aug/2026 15:47:47] "GET /api/v1/audit-logs/?page_size=25 HTTP/1.1" 200 7313
[24/Aug/2026 15:47:49] "GET /api/v1/audit-logs/?page_size=25 HTTP/1.1" 200 7313
[24/Aug/2026 15:47:52] "GET /api/v1/audit-logs/?page_size=25 HTTP/1.1" 200 7313
[24/Aug/2026 15:47:54] "GET /api/v1/audit-logs/?page_size=25 HTTP/1.1" 200 7313
[24/Aug/2026 15:47:57] "GET /api/v1/audit-logs/?page_size=25 HTTP/1.1" 200 7313
[24/Aug/2026 15:47:59] "GET /api/v1/audit-logs/?page_size=25 HTTP/1.1" 200 7313
[24/Aug/2026 15:48:02] "GET /api/v1/audit-logs/?page_size=25 HTTP/1.1" 200 7313
[24/Aug/2026 15:48:05] "GET /api/v1/audit-logs/?page_size=25 HTTP/1.1" 200 7313
[24/Aug/2026 15:48:07] "GET /api/v1/audit-logs/?page_size=25 HTTP/1.1" 200 7313
[24/Aug/2026 15:48:10] "GET /api/v1/audit-logs/?page_size=25 HTTP/1.1" 200 7313
[24/Aug/2026 15:48:12] "GET /api/v1/audit-logs/?page_size=25 HTTP/1.1" 200 7313
[24/Aug/2026 15:48:15] "GET /api/v1/audit-logs/?page_size=25 HTTP/1.1" 200 7313
[24/Aug/2026 15:48:17] "GET /api/v1/audit-logs/?page_size=25 HTTP/1.1" 200 7313
[24/Aug/2026 15:48:20] "GET /api/v1/audit-logs/?page_size=25 HTTP/1.1" 200 7313
[24/Aug/2026 15:48:22] "GET /api/v1/audit-logs/?page_size=25 HTTP/1.1" 200 7313
[24/Aug/2026 15:48:25] "GET /api/v1/audit-logs/?page_size=25 HTTP/1.1" 200 7313
[24/Aug/2026 15:48:27] "GET /api/v1/audit-logs/?page_size=25 HTTP/1.1" 200 7313
[24/Aug/2026 15:48:30] "GET /api/v1/audit-logs/?page_size=25 HTTP/1.1" 200 7313
[24/Aug/2026 15:48:32] "GET /api/v1/audit-logs/?page_size=25 HTTP/1.1" 200 7313
[24/Aug/2026 15:48:35] "GET /api/v1/audit-logs/?page_size=25 HTTP/1.1" 200 7313
[24/Aug/2026 15:48:37] "GET /api/v1/audit-logs/?page_size=25 HTTP/1.1" 200 7313
[24/Aug/2026 15:48:40] "GET /api/v1/audit-logs/?page_size=25 HTTP/1.1" 200 7313
[24/Aug/2026 15:48:42] "GET /api/v1/audit-logs/?page_size=25 HTTP/1.1" 200 7313
[24/Aug/2026 15:48:45] "GET /api/v1/audit-logs/?page_size=25 HTTP/1.1" 200 7313
[24/Aug/2026 15:48:48] "GET /api/v1/audit-logs/?page_size=25 HTTP/1.1" 200 7313
[24/Aug/2026 15:48:50] "GET /api/v1/audit-logs/?page_size=25 HTTP/1.1" 200 7313
[24/Aug/2026 15:48:53] "GET /api/v1/audit-logs/?page_size=25 HTTP/1.1" 200 7313
[24/Aug/2026 15:48:55] "GET /api/v1/audit-logs/?page_size=25 HTTP/1.1" 200 7313
[24/Aug/2026 15:48:57] "GET /api/v1/audit-logs/?page_size=25 HTTP/1.1" 200 7313
[24/Aug/2026 15:48:59] "GET /api/v1/audit-logs/?page_size=25 HTTP/1.1" 200 7313
[24/Aug/2026 15:49:02] "GET /api/v1/audit-logs/?page_size=25 HTTP/1.1" 200 7313
[24/Aug/2026 15:49:05] "GET /api/v1/audit-logs/?page_size=25 HTTP/1.1" 200 7313
[24/Aug/2026 15:49:07] "GET /api/v1/audit-logs/?page_size=25 HTTP/1.1" 200 7313
[24/Aug/2026 15:49:10] "GET /api/v1/audit-logs/?page_size=25 HTTP/1.1" 200 7313
[24/Aug/2026 15:49:12] "GET /api/v1/audit-logs/?page_size=25 HTTP/1.1" 200 7313
[24/Aug/2026 15:49:15] "GET /api/v1/audit-logs/?page_size=25 HTTP/1.1" 200 7313
[24/Aug/2026 15:49:17] "GET /api/v1/audit-logs/?page_size=25 HTTP/1.1" 200 7313
[24/Aug/2026 15:49:20] "GET /api/v1/audit-logs/?page_size=25 HTTP/1.1" 200 7313
[24/Aug/2026 15:49:23] "GET /api/v1/audit-logs/?page_size=25 HTTP/1.1" 200 7313
[24/Aug/2026 15:49:25] "GET /api/v1/audit-logs/?page_size=25 HTTP/1.1" 200 7313
[24/Aug/2026 15:49:25] "GET /api/v1/evenements/?page_size=5 HTTP/1.1" 200 847
[24/Aug/2026 15:49:25] "GET /api/v1/membres/?page_size=5 HTTP/1.1" 200 1331
[24/Aug/2026 15:49:28] "GET /api/v1/audit-logs/?page_size=25 HTTP/1.1" 200 7313
[24/Aug/2026 15:49:31] "GET /api/v1/audit-logs/?page_size=25 HTTP/1.1" 200 7313
[24/Aug/2026 15:49:33] "GET /api/v1/audit-logs/?page_size=25 HTTP/1.1" 200 7313
[24/Aug/2026 15:49:36] "GET /api/v1/audit-logs/?page_size=25 HTTP/1.1" 200 7313
[24/Aug/2026 15:49:38] "GET /api/v1/audit-logs/?page_size=25 HTTP/1.1" 200 7313
[24/Aug/2026 15:49:41] "GET /api/v1/audit-logs/?page_size=25 HTTP/1.1" 200 7313
[24/Aug/2026 15:49:43] "GET /api/v1/audit-logs/?page_size=25 HTTP/1.1" 200 7313
[24/Aug/2026 15:49:46] "GET /api/v1/audit-logs/?page_size=25 HTTP/1.1" 200 7313
[24/Aug/2026 15:49:49] "GET /api/v1/audit-logs/?page_size=25 HTTP/1.1" 200 7313
[24/Aug/2026 15:49:52] "GET /api/v1/audit-logs/?page_size=25 HTTP/1.1" 200 7313
[24/Aug/2026 15:49:55] "GET /api/v1/audit-logs/?page_size=25 HTTP/1.1" 200 7313
[24/Aug/2026 15:49:58] "GET /api/v1/audit-logs/?page_size=25 HTTP/1.1" 200 7313
[24/Aug/2026 15:50:01] "GET /api/v1/audit-logs/?page_size=25 HTTP/1.1" 200 7313
[24/Aug/2026 15:50:04] "GET /api/v1/audit-logs/?page_size=25 HTTP/1.1" 200 7313
[24/Aug/2026 15:50:07] "GET /api/v1/audit-logs/?page_size=25 HTTP/1.1" 200 7313
[24/Aug/2026 15:50:10] "GET /api/v1/audit-logs/?page_size=25 HTTP/1.1" 200 7313
[24/Aug/2026 15:50:13] "GET /api/v1/audit-logs/?page_size=25 HTTP/1.1" 200 7313
[24/Aug/2026 15:50:16] "GET /api/v1/audit-logs/?page_size=25 HTTP/1.1" 200 7313
[24/Aug/2026 15:50:19] "GET /api/v1/audit-logs/?page_size=25 HTTP/1.1" 200 7313
[24/Aug/2026 15:50:22] "GET /api/v1/audit-logs/?page_size=25 HTTP/1.1" 200 7313
[24/Aug/2026 15:50:25] "GET /api/v1/audit-logs/?page_size=25 HTTP/1.1" 200 7313
[24/Aug/2026 15:50:28] "GET /api/v1/audit-logs/?page_size=25 HTTP/1.1" 200 7313
[24/Aug/2026 15:50:31] "GET /api/v1/audit-logs/?page_size=25 HTTP/1.1" 200 7313
[24/Aug/2026 15:50:34] "GET /api/v1/audit-logs/?page_size=25 HTTP/1.1" 200 7313
[24/Aug/2026 15:50:37] "GET /api/v1/audit-logs/?page_size=25 HTTP/1.1" 200 7313
[24/Aug/2026 15:50:40] "GET /api/v1/audit-logs/?page_size=25 HTTP/1.1" 200 7313
[24/Aug/2026 15:50:43] "GET /api/v1/audit-logs/?page_size=25 HTTP/1.1" 200 7313
[24/Aug/2026 15:50:46] "GET /api/v1/audit-logs/?page_size=25 HTTP/1.1" 200 7313
[24/Aug/2026 15:50:49] "GET /api/v1/audit-logs/?page_size=25 HTTP/1.1" 200 7313
[24/Aug/2026 15:50:52] "GET /api/v1/audit-logs/?page_size=25 HTTP/1.1" 200 7313
[24/Aug/2026 15:50:55] "GET /api/v1/audit-logs/?page_size=25 HTTP/1.1" 200 7313
[24/Aug/2026 15:50:58] "GET /api/v1/audit-logs/?page_size=25 HTTP/1.1" 200 7313
[24/Aug/2026 15:51:01] "GET /api/v1/audit-logs/?page_size=25 HTTP/1.1" 200 7313
[24/Aug/2026 15:51:04] "GET /api/v1/audit-logs/?page_size=25 HTTP/1.1" 200 7313
[24/Aug/2026 15:51:07] "GET /api/v1/audit-logs/?page_size=25 HTTP/1.1" 200 7313
[24/Aug/2026 15:51:10] "GET /api/v1/audit-logs/?page_size=25 HTTP/1.1" 200 7313
[24/Aug/2026 15:51:13] "GET /api/v1/audit-logs/?page_size=25 HTTP/1.1" 200 7313
[24/Aug/2026 15:51:16] "GET /api/v1/audit-logs/?page_size=25 HTTP/1.1" 200 7313
[24/Aug/2026 15:51:19] "GET /api/v1/audit-logs/?page_size=25 HTTP/1.1" 200 7313
[24/Aug/2026 15:51:22] "GET /api/v1/audit-logs/?page_size=25 HTTP/1.1" 200 7313
[24/Aug/2026 15:51:25] "GET /api/v1/audit-logs/?page_size=25 HTTP/1.1" 200 7313
[24/Aug/2026 15:51:28] "GET /api/v1/audit-logs/?page_size=25 HTTP/1.1" 200 7313
[24/Aug/2026 15:51:32] "GET /api/v1/audit-logs/?page_size=25 HTTP/1.1" 200 7313
[24/Aug/2026 15:51:34] "GET /api/v1/audit-logs/?page_size=25 HTTP/1.1" 200 7313
[24/Aug/2026 15:51:37] "GET /api/v1/audit-logs/?page_size=25 HTTP/1.1" 200 7313
[24/Aug/2026 15:51:40] "GET /api/v1/audit-logs/?page_size=25 HTTP/1.1" 200 7313
[24/Aug/2026 15:51:43] "GET /api/v1/audit-logs/?page_size=25 HTTP/1.1" 200 7313
[24/Aug/2026 15:51:46] "GET /api/v1/audit-logs/?page_size=25 HTTP/1.1" 200 7313
[24/Aug/2026 15:51:49] "GET /api/v1/audit-logs/?page_size=25 HTTP/1.1" 200 7313
[24/Aug/2026 15:51:52] "GET /api/v1/audit-logs/?page_size=25 HTTP/1.1" 200 7313
[24/Aug/2026 15:51:55] "GET /api/v1/audit-logs/?page_size=25 HTTP/1.1" 200 7313
[24/Aug/2026 15:51:58] "GET /api/v1/audit-logs/?page_size=25 HTTP/1.1" 200 7313
[24/Aug/2026 15:52:01] "GET /api/v1/audit-logs/?page_size=25 HTTP/1.1" 200 7313
[24/Aug/2026 15:52:05] "GET /api/v1/audit-logs/?page_size=25 HTTP/1.1" 200 7313
[24/Aug/2026 15:52:08] "GET /api/v1/audit-logs/?page_size=25 HTTP/1.1" 200 7313
[24/Aug/2026 15:52:11] "GET /api/v1/audit-logs/?page_size=25 HTTP/1.1" 200 7313
[24/Aug/2026 15:52:14] "GET /api/v1/audit-logs/?page_size=25 HTTP/1.1" 200 7313
[24/Aug/2026 15:52:17] "GET /api/v1/audit-logs/?page_size=25 HTTP/1.1" 200 7313
[24/Aug/2026 15:52:18] "GET /api/v1/evenements/?page_size=5 HTTP/1.1" 200 847
[24/Aug/2026 15:52:18] "GET /api/v1/membres/?page_size=5 HTTP/1.1" 200 1331
[24/Aug/2026 15:52:20] "GET /api/v1/audit-logs/?page_size=25 HTTP/1.1" 200 7313
[24/Aug/2026 15:52:23] "GET /api/v1/audit-logs/?page_size=25 HTTP/1.1" 200 7313
[24/Aug/2026 15:52:26] "GET /api/v1/audit-logs/?page_size=25 HTTP/1.1" 200 7313
[24/Aug/2026 15:52:32] "GET /api/v1/audit-logs/?page_size=25 HTTP/1.1" 200 7313
[24/Aug/2026 15:52:34] "GET /api/v1/audit-logs/?page_size=25 HTTP/1.1" 200 7313
[24/Aug/2026 15:52:37] "GET /api/v1/audit-logs/?page_size=25 HTTP/1.1" 200 7313
[24/Aug/2026 15:52:40] "GET /api/v1/audit-logs/?page_size=25 HTTP/1.1" 200 7313
[24/Aug/2026 15:52:43] "GET /api/v1/audit-logs/?page_size=25 HTTP/1.1" 200 7313
[24/Aug/2026 15:52:46] "GET /api/v1/audit-logs/?page_size=25 HTTP/1.1" 200 7313
[24/Aug/2026 15:52:49] "GET /api/v1/audit-logs/?page_size=25 HTTP/1.1" 200 7313
[24/Aug/2026 15:52:52] "GET /api/v1/audit-logs/?page_size=25 HTTP/1.1" 200 7313
[24/Aug/2026 15:52:55] "GET /api/v1/audit-logs/?page_size=25 HTTP/1.1" 200 7313
[24/Aug/2026 15:52:58] "GET /api/v1/audit-logs/?page_size=25 HTTP/1.1" 200 7313
[24/Aug/2026 15:53:01] "GET /api/v1/audit-logs/?page_size=25 HTTP/1.1" 200 7313
[24/Aug/2026 15:53:04] "GET /api/v1/audit-logs/?page_size=25 HTTP/1.1" 200 7313
[24/Aug/2026 15:53:07] "GET /api/v1/audit-logs/?page_size=25 HTTP/1.1" 200 7313
[24/Aug/2026 15:53:10] "GET /api/v1/audit-logs/?page_size=25 HTTP/1.1" 200 7313
[24/Aug/2026 15:53:13] "GET /api/v1/audit-logs/?page_size=25 HTTP/1.1" 200 7313
[24/Aug/2026 15:53:16] "GET /api/v1/audit-logs/?page_size=25 HTTP/1.1" 200 7313
[24/Aug/2026 15:53:19] "GET /api/v1/audit-logs/?page_size=25 HTTP/1.1" 200 7313
[24/Aug/2026 15:53:20] "GET /api/v1/evenements/?page=1&page_size=100 HTTP/1.1" 200 847
[24/Aug/2026 15:53:20] "GET /api/v1/audit-logs/?page_size=25 HTTP/1.1" 200 7313
[24/Aug/2026 15:53:23] "GET /api/v1/audit-logs/?page_size=25 HTTP/1.1" 200 7313
[24/Aug/2026 15:53:43] "POST /api/v1/auth/login/ HTTP/1.1" 200 748
[24/Aug/2026 15:53:43] "GET /api/v1/audit-logs/?page_size=25 HTTP/1.1" 200 7313
[24/Aug/2026 15:53:44] "GET /api/v1/evenements/ HTTP/1.1" 200 847
[24/Aug/2026 15:53:44] "GET /api/v1/public/verset-du-jour/ HTTP/1.1" 200 141
[24/Aug/2026 15:53:44] "GET /api/v1/membres/ HTTP/1.1" 200 1331
[24/Aug/2026 15:53:44] "GET /api/v1/evenements/?page_size=5 HTTP/1.1" 200 847
[24/Aug/2026 15:53:44] "GET /api/v1/membres/?page_size=5 HTTP/1.1" 200 1331
[24/Aug/2026 15:53:44] "GET /api/v1/membres/statistiques/ HTTP/1.1" 200 2422
[24/Aug/2026 15:53:46] "GET /api/v1/audit-logs/?page_size=25 HTTP/1.1" 200 7313
[24/Aug/2026 15:53:49] "GET /api/v1/audit-logs/?page_size=25 HTTP/1.1" 200 7313
[24/Aug/2026 15:53:52] "GET /api/v1/audit-logs/?page_size=25 HTTP/1.1" 200 7313
[24/Aug/2026 15:53:55] "GET /api/v1/audit-logs/?page_size=25 HTTP/1.1" 200 7313
[24/Aug/2026 15:53:57] "GET /api/v1/audit-logs/?page_size=25 HTTP/1.1" 200 7313
[24/Aug/2026 15:54:00] "GET /api/v1/audit-logs/?page_size=25 HTTP/1.1" 200 7313
[24/Aug/2026 15:54:02] "GET /api/v1/audit-logs/?page_size=25 HTTP/1.1" 200 7313
[24/Aug/2026 15:54:05] "GET /api/v1/audit-logs/?page_size=25 HTTP/1.1" 200 7313
[24/Aug/2026 15:54:07] "GET /api/v1/audit-logs/?page_size=25 HTTP/1.1" 200 7313
[24/Aug/2026 15:54:10] "GET /api/v1/audit-logs/?page_size=25 HTTP/1.1" 200 7313
[24/Aug/2026 15:54:12] "GET /api/v1/audit-logs/?page_size=25 HTTP/1.1" 200 7313
[24/Aug/2026 15:54:15] "GET /api/v1/audit-logs/?page_size=25 HTTP/1.1" 200 7313
[24/Aug/2026 15:54:18] "GET /api/v1/audit-logs/?page_size=25 HTTP/1.1" 200 7313
[24/Aug/2026 15:54:20] "GET /api/v1/audit-logs/?page_size=25 HTTP/1.1" 200 7313
[24/Aug/2026 15:54:23] "GET /api/v1/audit-logs/?page_size=25 HTTP/1.1" 200 7313
[24/Aug/2026 15:54:25] "GET /api/v1/audit-logs/?page_size=25 HTTP/1.1" 200 7313
[24/Aug/2026 15:54:28] "GET /api/v1/audit-logs/?page_size=25 HTTP/1.1" 200 7313
[24/Aug/2026 15:54:31] "GET /api/v1/audit-logs/?page_size=25 HTTP/1.1" 200 7313
[24/Aug/2026 15:54:34] "GET /api/v1/audit-logs/?page_size=25 HTTP/1.1" 200 7313
[24/Aug/2026 15:54:37] "GET /api/v1/audit-logs/?page_size=25 HTTP/1.1" 200 7313
[24/Aug/2026 15:54:40] "GET /api/v1/audit-logs/?page_size=25 HTTP/1.1" 200 7313
[24/Aug/2026 15:54:43] "GET /api/v1/audit-logs/?page_size=25 HTTP/1.1" 200 7313
[24/Aug/2026 15:54:46] "GET /api/v1/audit-logs/?page_size=25 HTTP/1.1" 200 7313
[24/Aug/2026 15:54:49] "GET /api/v1/audit-logs/?page_size=25 HTTP/1.1" 200 7313
[24/Aug/2026 15:54:52] "GET /api/v1/audit-logs/?page_size=25 HTTP/1.1" 200 7313
[24/Aug/2026 15:54:55] "GET /api/v1/audit-logs/?page_size=25 HTTP/1.1" 200 7313
[24/Aug/2026 15:54:58] "GET /api/v1/audit-logs/?page_size=25 HTTP/1.1" 200 7313
[24/Aug/2026 15:55:01] "GET /api/v1/audit-logs/?page_size=25 HTTP/1.1" 200 7313
[24/Aug/2026 15:55:04] "GET /api/v1/audit-logs/?page_size=25 HTTP/1.1" 200 7313
[24/Aug/2026 15:55:08] "GET /api/v1/audit-logs/?page_size=25 HTTP/1.1" 200 7313
[24/Aug/2026 15:55:11] "GET /api/v1/audit-logs/?page_size=25 HTTP/1.1" 200 7313
[24/Aug/2026 15:55:14] "GET /api/v1/audit-logs/?page_size=25 HTTP/1.1" 200 7313
[24/Aug/2026 15:55:17] "GET /api/v1/audit-logs/?page_size=25 HTTP/1.1" 200 7313
[24/Aug/2026 15:55:20] "GET /api/v1/audit-logs/?page_size=25 HTTP/1.1" 200 7313
[24/Aug/2026 15:55:22] "GET /api/v1/audit-logs/?page_size=25 HTTP/1.1" 200 7313
[24/Aug/2026 15:55:25] "GET /api/v1/audit-logs/?page_size=25 HTTP/1.1" 200 7313
[24/Aug/2026 15:55:27] "GET /api/v1/audit-logs/?page_size=25 HTTP/1.1" 200 7313
[24/Aug/2026 15:55:30] "GET /api/v1/audit-logs/?page_size=25 HTTP/1.1" 200 7313
[24/Aug/2026 15:55:32] "GET /api/v1/audit-logs/?page_size=25 HTTP/1.1" 200 7313
[24/Aug/2026 15:55:35] "GET /api/v1/audit-logs/?page_size=25 HTTP/1.1" 200 7313
[24/Aug/2026 15:55:37] "GET /api/v1/audit-logs/?page_size=25 HTTP/1.1" 200 7313
[24/Aug/2026 15:55:40] "GET /api/v1/audit-logs/?page_size=25 HTTP/1.1" 200 7313
[24/Aug/2026 15:55:42] "GET /api/v1/audit-logs/?page_size=25 HTTP/1.1" 200 7313
[24/Aug/2026 15:55:45] "GET /api/v1/audit-logs/?page_size=25 HTTP/1.1" 200 7313
[24/Aug/2026 15:55:48] "GET /api/v1/audit-logs/?page_size=25 HTTP/1.1" 200 7313
[24/Aug/2026 15:55:50] "GET /api/v1/audit-logs/?page_size=25 HTTP/1.1" 200 7313
[24/Aug/2026 15:55:53] "GET /api/v1/audit-logs/?page_size=25 HTTP/1.1" 200 7313
[24/Aug/2026 15:55:56] "GET /api/v1/audit-logs/?page_size=25 HTTP/1.1" 200 7313
[24/Aug/2026 15:55:59] "GET /api/v1/audit-logs/?page_size=25 HTTP/1.1" 200 7313
[24/Aug/2026 15:56:02] "GET /api/v1/audit-logs/?page_size=25 HTTP/1.1" 200 7313
[24/Aug/2026 15:56:05] "GET /api/v1/audit-logs/?page_size=25 HTTP/1.1" 200 7313
[24/Aug/2026 15:56:08] "GET /api/v1/audit-logs/?page_size=25 HTTP/1.1" 200 7313
[24/Aug/2026 15:56:12] "GET /api/v1/audit-logs/?page_size=25 HTTP/1.1" 200 7313
[24/Aug/2026 15:56:15] "GET /api/v1/audit-logs/?page_size=25 HTTP/1.1" 200 7313
[24/Aug/2026 15:56:18] "GET /api/v1/audit-logs/?page_size=25 HTTP/1.1" 200 7313
[24/Aug/2026 15:56:21] "GET /api/v1/audit-logs/?page_size=25 HTTP/1.1" 200 7313
[24/Aug/2026 15:56:24] "GET /api/v1/audit-logs/?page_size=25 HTTP/1.1" 200 7313
[24/Aug/2026 15:56:27] "GET /api/v1/audit-logs/?page_size=25 HTTP/1.1" 200 7313
[24/Aug/2026 15:56:30] "GET /api/v1/audit-logs/?page_size=25 HTTP/1.1" 200 7313
[24/Aug/2026 15:56:33] "GET /api/v1/audit-logs/?page_size=25 HTTP/1.1" 200 7313
[24/Aug/2026 15:56:36] "GET /api/v1/audit-logs/?page_size=25 HTTP/1.1" 200 7313
[24/Aug/2026 15:56:39] "GET /api/v1/audit-logs/?page_size=25 HTTP/1.1" 200 7313
[24/Aug/2026 15:56:42] "GET /api/v1/audit-logs/?page_size=25 HTTP/1.1" 200 7313
[24/Aug/2026 15:56:45] "GET /api/v1/audit-logs/?page_size=25 HTTP/1.1" 200 7313
[24/Aug/2026 15:56:48] "GET /api/v1/audit-logs/?page_size=25 HTTP/1.1" 200 7313
[24/Aug/2026 15:56:51] "GET /api/v1/audit-logs/?page_size=25 HTTP/1.1" 200 7313
[24/Aug/2026 15:56:54] "GET /api/v1/audit-logs/?page_size=25 HTTP/1.1" 200 7313
[24/Aug/2026 15:56:57] "GET /api/v1/audit-logs/?page_size=25 HTTP/1.1" 200 7313
[24/Aug/2026 15:57:00] "GET /api/v1/audit-logs/?page_size=25 HTTP/1.1" 200 7313
[24/Aug/2026 15:57:03] "GET /api/v1/audit-logs/?page_size=25 HTTP/1.1" 200 7313
[24/Aug/2026 15:57:06] "GET /api/v1/audit-logs/?page_size=25 HTTP/1.1" 200 7313
[24/Aug/2026 15:57:09] "GET /api/v1/audit-logs/?page_size=25 HTTP/1.1" 200 7313
[24/Aug/2026 15:57:12] "GET /api/v1/audit-logs/?page_size=25 HTTP/1.1" 200 7313
[24/Aug/2026 15:57:16] "GET /api/v1/audit-logs/?page_size=25 HTTP/1.1" 200 7313
[24/Aug/2026 15:57:19] "GET /api/v1/audit-logs/?page_size=25 HTTP/1.1" 200 7313
[24/Aug/2026 15:57:22] "GET /api/v1/audit-logs/?page_size=25 HTTP/1.1" 200 7313
[24/Aug/2026 15:57:25] "GET /api/v1/audit-logs/?page_size=25 HTTP/1.1" 200 7313
[24/Aug/2026 15:57:28] "GET /api/v1/audit-logs/?page_size=25 HTTP/1.1" 200 7313
[24/Aug/2026 15:57:31] "GET /api/v1/audit-logs/?page_size=25 HTTP/1.1" 200 7313
[24/Aug/2026 15:57:34] "GET /api/v1/audit-logs/?page_size=25 HTTP/1.1" 200 7313
[24/Aug/2026 15:57:37] "GET /api/v1/audit-logs/?page_size=25 HTTP/1.1" 200 7313
[24/Aug/2026 15:57:41] "GET /api/v1/membres/statistiques/ HTTP/1.1" 200 2422
[24/Aug/2026 15:57:41] "GET /api/v1/evenements/?page_size=5 HTTP/1.1" 200 847
[24/Aug/2026 15:57:41] "GET /api/v1/audit-logs/?page_size=25 HTTP/1.1" 200 7313
[24/Aug/2026 15:57:41] "GET /api/v1/evenements/ HTTP/1.1" 200 847
[24/Aug/2026 15:57:41] "GET /api/v1/membres/ HTTP/1.1" 200 1331
[24/Aug/2026 15:57:41] "GET /api/v1/membres/?page_size=5 HTTP/1.1" 200 1331
[24/Aug/2026 15:57:43] "GET /api/v1/audit-logs/?page_size=25 HTTP/1.1" 200 7313
[24/Aug/2026 15:57:46] "GET /api/v1/audit-logs/?page_size=25 HTTP/1.1" 200 7313
[24/Aug/2026 15:57:48] "GET /api/v1/audit-logs/?page_size=25 HTTP/1.1" 200 7313
[24/Aug/2026 15:57:50] "GET /api/v1/fonctions/ HTTP/1.1" 200 52
[24/Aug/2026 15:57:50] "GET /api/v1/statuts/ HTTP/1.1" 200 209
[24/Aug/2026 15:57:50] "GET /api/v1/membres/?page=1&page_size=10 HTTP/1.1" 200 1331
[24/Aug/2026 15:57:51] "GET /api/v1/audit-logs/?page_size=25 HTTP/1.1" 200 7313
[24/Aug/2026 15:57:51] "OPTIONS /api/v1/demandes-adhesion/?page_size=100 HTTP/1.1" 200 0
[24/Aug/2026 15:57:51] "OPTIONS /api/v1/demandes-adhesion/?page_size=100 HTTP/1.1" 200 0
[24/Aug/2026 15:57:52] "GET /api/v1/demandes-adhesion/?page_size=100 HTTP/1.1" 200 1298
[24/Aug/2026 15:57:52] "GET /api/v1/demandes-adhesion/?page_size=100 HTTP/1.1" 200 1298
[24/Aug/2026 15:57:53] "GET /api/v1/evenements/?page=1&page_size=100 HTTP/1.1" 200 847
[24/Aug/2026 15:57:53] "GET /api/v1/audit-logs/?page_size=25 HTTP/1.1" 200 7313
[24/Aug/2026 15:57:54] "OPTIONS /api/v1/evenements/?page_size=1000 HTTP/1.1" 200 0
[24/Aug/2026 15:57:54] "OPTIONS /api/v1/galerie-images/?page_size=100 HTTP/1.1" 200 0
[24/Aug/2026 15:57:54] "OPTIONS /api/v1/galerie-images/?page_size=100 HTTP/1.1" 200 0
[24/Aug/2026 15:57:54] "GET /api/v1/evenements/?page_size=1000 HTTP/1.1" 200 847
[24/Aug/2026 15:57:54] "GET /api/v1/galerie-images/?page_size=100 HTTP/1.1" 200 234
[24/Aug/2026 15:57:54] "GET /api/v1/galerie-images/?page_size=100 HTTP/1.1" 200 234
[24/Aug/2026 15:57:55] "GET /media/galerie/Mothers_Day_flyer_design.jpg HTTP/1.1" 200 81503
[24/Aug/2026 15:57:56] "GET /api/v1/audit-logs/?page_size=25 HTTP/1.1" 200 7313
[24/Aug/2026 15:57:59] "GET /api/v1/audit-logs/?page_size=25 HTTP/1.1" 200 7313
[24/Aug/2026 15:58:01] "GET /api/v1/audit-logs/?page_size=25 HTTP/1.1" 200 7313
[24/Aug/2026 15:58:04] "GET /api/v1/audit-logs/?page_size=25 HTTP/1.1" 200 7313
[24/Aug/2026 15:58:06] "GET /api/v1/audit-logs/?page_size=25 HTTP/1.1" 200 7313
[24/Aug/2026 15:58:09] "GET /api/v1/audit-logs/?page_size=25 HTTP/1.1" 200 7313
[24/Aug/2026 15:58:11] "GET /api/v1/audit-logs/?page_size=25 HTTP/1.1" 200 7313
[24/Aug/2026 15:58:14] "GET /api/v1/audit-logs/?page_size=25 HTTP/1.1" 200 7313
[24/Aug/2026 15:58:16] "GET /api/v1/audit-logs/?page_size=25 HTTP/1.1" 200 7313
[24/Aug/2026 15:58:19] "GET /api/v1/audit-logs/?page_size=25 HTTP/1.1" 200 7313
[24/Aug/2026 15:58:22] "GET /api/v1/audit-logs/?page_size=25 HTTP/1.1" 200 7313
[24/Aug/2026 15:58:26] "GET /api/v1/audit-logs/?page_size=25 HTTP/1.1" 200 7313
[24/Aug/2026 15:58:29] "GET /api/v1/audit-logs/?page_size=25 HTTP/1.1" 200 7313
[24/Aug/2026 15:58:32] "GET /api/v1/audit-logs/?page_size=25 HTTP/1.1" 200 7313
[24/Aug/2026 15:58:35] "GET /api/v1/audit-logs/?page_size=25 HTTP/1.1" 200 7313
[24/Aug/2026 15:58:38] "GET /api/v1/audit-logs/?page_size=25 HTTP/1.1" 200 7313
[24/Aug/2026 15:58:41] "GET /api/v1/audit-logs/?page_size=25 HTTP/1.1" 200 7313
[24/Aug/2026 15:58:44] "GET /api/v1/audit-logs/?page_size=25 HTTP/1.1" 200 7313
[24/Aug/2026 15:58:47] "GET /api/v1/audit-logs/?page_size=25 HTTP/1.1" 200 7313
[24/Aug/2026 15:58:50] "GET /api/v1/audit-logs/?page_size=25 HTTP/1.1" 200 7313
[24/Aug/2026 15:58:53] "GET /api/v1/audit-logs/?page_size=25 HTTP/1.1" 200 7313
[24/Aug/2026 15:58:56] "GET /api/v1/audit-logs/?page_size=25 HTTP/1.1" 200 7313
[24/Aug/2026 15:58:59] "GET /api/v1/audit-logs/?page_size=25 HTTP/1.1" 200 7313
[24/Aug/2026 15:59:02] "GET /api/v1/audit-logs/?page_size=25 HTTP/1.1" 200 7313
[24/Aug/2026 15:59:05] "GET /api/v1/audit-logs/?page_size=25 HTTP/1.1" 200 7313
[24/Aug/2026 15:59:08] "GET /api/v1/audit-logs/?page_size=25 HTTP/1.1" 200 7313
[24/Aug/2026 15:59:11] "GET /api/v1/audit-logs/?page_size=25 HTTP/1.1" 200 7313
[24/Aug/2026 15:59:14] "GET /api/v1/audit-logs/?page_size=25 HTTP/1.1" 200 7313
[24/Aug/2026 15:59:17] "GET /api/v1/audit-logs/?page_size=25 HTTP/1.1" 200 7313
[24/Aug/2026 15:59:20] "GET /api/v1/audit-logs/?page_size=25 HTTP/1.1" 200 7313
[24/Aug/2026 15:59:23] "GET /api/v1/audit-logs/?page_size=25 HTTP/1.1" 200 7313
[24/Aug/2026 15:59:26] "GET /api/v1/audit-logs/?page_size=25 HTTP/1.1" 200 7313
[24/Aug/2026 15:59:29] "GET /api/v1/audit-logs/?page_size=25 HTTP/1.1" 200 7313
[24/Aug/2026 15:59:32] "GET /api/v1/audit-logs/?page_size=25 HTTP/1.1" 200 7313
[24/Aug/2026 15:59:35] "GET /api/v1/audit-logs/?page_size=25 HTTP/1.1" 200 7313
[24/Aug/2026 15:59:38] "GET /api/v1/audit-logs/?page_size=25 HTTP/1.1" 200 7313
[24/Aug/2026 15:59:41] "GET /api/v1/audit-logs/?page_size=25 HTTP/1.1" 200 7313
[24/Aug/2026 15:59:44] "GET /api/v1/audit-logs/?page_size=25 HTTP/1.1" 200 7313
[24/Aug/2026 15:59:47] "GET /api/v1/audit-logs/?page_size=25 HTTP/1.1" 200 7313
[24/Aug/2026 15:59:50] "GET /api/v1/audit-logs/?page_size=25 HTTP/1.1" 200 7313
[24/Aug/2026 15:59:53] "GET /api/v1/audit-logs/?page_size=25 HTTP/1.1" 200 7313
[24/Aug/2026 15:59:56] "GET /api/v1/audit-logs/?page_size=25 HTTP/1.1" 200 7313
[24/Aug/2026 15:59:59] "GET /api/v1/audit-logs/?page_size=25 HTTP/1.1" 200 7313
[24/Aug/2026 16:00:02] "GET /api/v1/audit-logs/?page_size=25 HTTP/1.1" 200 7313
[24/Aug/2026 16:00:05] "GET /api/v1/audit-logs/?page_size=25 HTTP/1.1" 200 7313
[24/Aug/2026 16:00:08] "GET /api/v1/audit-logs/?page_size=25 HTTP/1.1" 200 7313
[24/Aug/2026 16:00:11] "GET /api/v1/audit-logs/?page_size=25 HTTP/1.1" 200 7313
[24/Aug/2026 16:00:14] "GET /api/v1/audit-logs/?page_size=25 HTTP/1.1" 200 7313
[24/Aug/2026 16:00:17] "GET /api/v1/audit-logs/?page_size=25 HTTP/1.1" 200 7313
[24/Aug/2026 16:00:20] "GET /api/v1/audit-logs/?page_size=25 HTTP/1.1" 200 7313
[24/Aug/2026 16:00:23] "GET /api/v1/audit-logs/?page_size=25 HTTP/1.1" 200 7313
[24/Aug/2026 16:00:26] "GET /api/v1/audit-logs/?page_size=25 HTTP/1.1" 200 7313
[24/Aug/2026 16:00:29] "GET /api/v1/audit-logs/?page_size=25 HTTP/1.1" 200 7313
[24/Aug/2026 16:00:32] "GET /api/v1/audit-logs/?page_size=25 HTTP/1.1" 200 7313
[24/Aug/2026 16:00:35] "GET /api/v1/audit-logs/?page_size=25 HTTP/1.1" 200 7313
[24/Aug/2026 16:00:38] "GET /api/v1/audit-logs/?page_size=25 HTTP/1.1" 200 7313
[24/Aug/2026 16:00:41] "GET /api/v1/audit-logs/?page_size=25 HTTP/1.1" 200 7313
[24/Aug/2026 16:00:44] "GET /api/v1/audit-logs/?page_size=25 HTTP/1.1" 200 7313
[24/Aug/2026 16:00:47] "GET /api/v1/audit-logs/?page_size=25 HTTP/1.1" 200 7313
[24/Aug/2026 16:00:50] "GET /api/v1/audit-logs/?page_size=25 HTTP/1.1" 200 7313
[24/Aug/2026 16:00:53] "GET /api/v1/audit-logs/?page_size=25 HTTP/1.1" 200 7313
[24/Aug/2026 16:00:56] "GET /api/v1/audit-logs/?page_size=25 HTTP/1.1" 200 7313
[24/Aug/2026 16:00:59] "GET /api/v1/audit-logs/?page_size=25 HTTP/1.1" 200 7313
[24/Aug/2026 16:01:02] "GET /api/v1/audit-logs/?page_size=25 HTTP/1.1" 200 7313
[24/Aug/2026 16:01:05] "GET /api/v1/audit-logs/?page_size=25 HTTP/1.1" 200 7313
[24/Aug/2026 16:01:08] "GET /api/v1/audit-logs/?page_size=25 HTTP/1.1" 200 7313
[24/Aug/2026 16:01:11] "GET /api/v1/audit-logs/?page_size=25 HTTP/1.1" 200 7313
[24/Aug/2026 16:01:14] "GET /api/v1/audit-logs/?page_size=25 HTTP/1.1" 200 7313
[24/Aug/2026 16:01:17] "GET /api/v1/audit-logs/?page_size=25 HTTP/1.1" 200 7313
[24/Aug/2026 16:01:20] "GET /api/v1/audit-logs/?page_size=25 HTTP/1.1" 200 7313
[24/Aug/2026 16:01:23] "GET /api/v1/audit-logs/?page_size=25 HTTP/1.1" 200 7313
[24/Aug/2026 16:01:26] "GET /api/v1/audit-logs/?page_size=25 HTTP/1.1" 200 7313
[24/Aug/2026 16:01:29] "GET /api/v1/audit-logs/?page_size=25 HTTP/1.1" 200 7313
[24/Aug/2026 16:01:32] "GET /api/v1/audit-logs/?page_size=25 HTTP/1.1" 200 7313
[24/Aug/2026 16:01:35] "GET /api/v1/audit-logs/?page_size=25 HTTP/1.1" 200 7313
[24/Aug/2026 16:01:38] "GET /api/v1/audit-logs/?page_size=25 HTTP/1.1" 200 7313
[24/Aug/2026 16:01:41] "GET /api/v1/audit-logs/?page_size=25 HTTP/1.1" 200 7313
[24/Aug/2026 16:01:44] "GET /api/v1/audit-logs/?page_size=25 HTTP/1.1" 200 7313
[24/Aug/2026 16:01:47] "GET /api/v1/audit-logs/?page_size=25 HTTP/1.1" 200 7313
[24/Aug/2026 16:01:50] "GET /api/v1/audit-logs/?page_size=25 HTTP/1.1" 200 7313
[24/Aug/2026 16:01:53] "GET /api/v1/audit-logs/?page_size=25 HTTP/1.1" 200 7313
[24/Aug/2026 16:01:56] "GET /api/v1/audit-logs/?page_size=25 HTTP/1.1" 200 7313
[24/Aug/2026 16:01:59] "GET /api/v1/audit-logs/?page_size=25 HTTP/1.1" 200 7313
[24/Aug/2026 16:02:02] "GET /api/v1/audit-logs/?page_size=25 HTTP/1.1" 200 7313
[24/Aug/2026 16:02:05] "GET /api/v1/audit-logs/?page_size=25 HTTP/1.1" 200 7313
[24/Aug/2026 16:02:08] "GET /api/v1/audit-logs/?page_size=25 HTTP/1.1" 200 7313
[24/Aug/2026 16:02:11] "GET /api/v1/audit-logs/?page_size=25 HTTP/1.1" 200 7313
[24/Aug/2026 16:02:15] "GET /api/v1/audit-logs/?page_size=25 HTTP/1.1" 200 7313
[24/Aug/2026 16:02:17] "GET /api/v1/audit-logs/?page_size=25 HTTP/1.1" 200 7313
[24/Aug/2026 16:02:20] "GET /api/v1/audit-logs/?page_size=25 HTTP/1.1" 200 7313
[24/Aug/2026 16:02:23] "GET /api/v1/audit-logs/?page_size=25 HTTP/1.1" 200 7313
[24/Aug/2026 16:02:26] "GET /api/v1/audit-logs/?page_size=25 HTTP/1.1" 200 7313
[24/Aug/2026 16:02:29] "GET /api/v1/audit-logs/?page_size=25 HTTP/1.1" 200 7313
[24/Aug/2026 16:02:32] "GET /api/v1/audit-logs/?page_size=25 HTTP/1.1" 200 7313
[24/Aug/2026 16:02:35] "GET /api/v1/audit-logs/?page_size=25 HTTP/1.1" 200 7313
[24/Aug/2026 16:02:38] "GET /api/v1/audit-logs/?page_size=25 HTTP/1.1" 200 7313
[24/Aug/2026 16:02:41] "GET /api/v1/audit-logs/?page_size=25 HTTP/1.1" 200 7313
[24/Aug/2026 16:02:44] "GET /api/v1/audit-logs/?page_size=25 HTTP/1.1" 200 7313
[24/Aug/2026 16:02:47] "GET /api/v1/audit-logs/?page_size=25 HTTP/1.1" 200 7313
[24/Aug/2026 16:02:50] "GET /api/v1/audit-logs/?page_size=25 HTTP/1.1" 200 7313
[24/Aug/2026 16:02:53] "GET /api/v1/audit-logs/?page_size=25 HTTP/1.1" 200 7313
[24/Aug/2026 16:02:56] "GET /api/v1/audit-logs/?page_size=25 HTTP/1.1" 200 7313
[24/Aug/2026 16:02:59] "GET /api/v1/audit-logs/?page_size=25 HTTP/1.1" 200 7313
[24/Aug/2026 16:03:02] "GET /api/v1/audit-logs/?page_size=25 HTTP/1.1" 200 7313
[24/Aug/2026 16:03:05] "GET /api/v1/audit-logs/?page_size=25 HTTP/1.1" 200 7313
[24/Aug/2026 16:03:08] "GET /api/v1/audit-logs/?page_size=25 HTTP/1.1" 200 7313
[24/Aug/2026 16:03:11] "GET /api/v1/audit-logs/?page_size=25 HTTP/1.1" 200 7313
[24/Aug/2026 16:03:14] "GET /api/v1/audit-logs/?page_size=25 HTTP/1.1" 200 7313
[24/Aug/2026 16:03:17] "GET /api/v1/audit-logs/?page_size=25 HTTP/1.1" 200 7313
[24/Aug/2026 16:03:20] "GET /api/v1/audit-logs/?page_size=25 HTTP/1.1" 200 7313
[24/Aug/2026 16:03:23] "GET /api/v1/audit-logs/?page_size=25 HTTP/1.1" 200 7313
[24/Aug/2026 16:03:26] "GET /api/v1/audit-logs/?page_size=25 HTTP/1.1" 200 7313
[24/Aug/2026 16:03:29] "GET /api/v1/audit-logs/?page_size=25 HTTP/1.1" 200 7313
[24/Aug/2026 16:03:32] "GET /api/v1/audit-logs/?page_size=25 HTTP/1.1" 200 7313
[24/Aug/2026 16:03:35] "GET /api/v1/audit-logs/?page_size=25 HTTP/1.1" 200 7313
[24/Aug/2026 16:03:38] "GET /api/v1/audit-logs/?page_size=25 HTTP/1.1" 200 7313
[24/Aug/2026 16:03:41] "GET /api/v1/audit-logs/?page_size=25 HTTP/1.1" 200 7313
[24/Aug/2026 16:03:44] "GET /api/v1/audit-logs/?page_size=25 HTTP/1.1" 200 7313
[24/Aug/2026 16:03:47] "GET /api/v1/audit-logs/?page_size=25 HTTP/1.1" 200 7313
[24/Aug/2026 16:03:50] "GET /api/v1/audit-logs/?page_size=25 HTTP/1.1" 200 7313
[24/Aug/2026 16:03:53] "GET /api/v1/audit-logs/?page_size=25 HTTP/1.1" 200 7313
[24/Aug/2026 16:03:56] "GET /api/v1/audit-logs/?page_size=25 HTTP/1.1" 200 7313
[24/Aug/2026 16:03:59] "GET /api/v1/audit-logs/?page_size=25 HTTP/1.1" 200 7313
[24/Aug/2026 16:04:03] "GET /api/v1/audit-logs/?page_size=25 HTTP/1.1" 200 7313
[24/Aug/2026 16:04:06] "GET /api/v1/audit-logs/?page_size=25 HTTP/1.1" 200 7313
[24/Aug/2026 16:04:10] "GET /api/v1/audit-logs/?page_size=25 HTTP/1.1" 200 7313
[24/Aug/2026 16:04:19] "GET /api/v1/audit-logs/?page_size=25 HTTP/1.1" 200 7313
[24/Aug/2026 16:04:55] "GET /api/v1/audit-logs/?page_size=25 HTTP/1.1" 200 7313
[24/Aug/2026 16:04:57] "GET /api/v1/audit-logs/?page_size=25 HTTP/1.1" 200 7313
[24/Aug/2026 16:05:00] "GET /api/v1/audit-logs/?page_size=25 HTTP/1.1" 200 7313
[24/Aug/2026 16:05:03] "GET /api/v1/audit-logs/?page_size=25 HTTP/1.1" 200 7313
[24/Aug/2026 16:05:06] "GET /api/v1/audit-logs/?page_size=25 HTTP/1.1" 200 7313
[24/Aug/2026 16:05:09] "GET /api/v1/audit-logs/?page_size=25 HTTP/1.1" 200 7313
[24/Aug/2026 16:05:12] "GET /api/v1/audit-logs/?page_size=25 HTTP/1.1" 200 7313
[24/Aug/2026 16:05:15] "GET /api/v1/audit-logs/?page_size=25 HTTP/1.1" 200 7313
[24/Aug/2026 16:05:18] "GET /api/v1/audit-logs/?page_size=25 HTTP/1.1" 200 7313
[24/Aug/2026 16:05:21] "GET /api/v1/audit-logs/?page_size=25 HTTP/1.1" 200 7313
[24/Aug/2026 16:05:24] "GET /api/v1/audit-logs/?page_size=25 HTTP/1.1" 200 7313
[24/Aug/2026 16:05:27] "GET /api/v1/audit-logs/?page_size=25 HTTP/1.1" 200 7313
[24/Aug/2026 16:05:30] "GET /api/v1/audit-logs/?page_size=25 HTTP/1.1" 200 7313
[24/Aug/2026 16:05:33] "GET /api/v1/audit-logs/?page_size=25 HTTP/1.1" 200 7313
[24/Aug/2026 16:05:36] "GET /api/v1/audit-logs/?page_size=25 HTTP/1.1" 200 7313
[24/Aug/2026 16:05:40] "GET /api/v1/audit-logs/?page_size=25 HTTP/1.1" 200 7313
[24/Aug/2026 16:05:43] "GET /api/v1/audit-logs/?page_size=25 HTTP/1.1" 200 7313
[24/Aug/2026 16:05:46] "GET /api/v1/audit-logs/?page_size=25 HTTP/1.1" 200 7313
[24/Aug/2026 16:05:52] "GET /api/v1/audit-logs/?page_size=25 HTTP/1.1" 200 7313
[24/Aug/2026 16:05:58] "GET /api/v1/audit-logs/?page_size=25 HTTP/1.1" 200 7313
[24/Aug/2026 16:06:01] "GET /api/v1/audit-logs/?page_size=25 HTTP/1.1" 200 7313
[24/Aug/2026 16:06:04] "GET /api/v1/audit-logs/?page_size=25 HTTP/1.1" 200 7313
[24/Aug/2026 16:06:08] "GET /api/v1/audit-logs/?page_size=25 HTTP/1.1" 200 7313
[24/Aug/2026 16:06:10] "GET /api/v1/audit-logs/?page_size=25 HTTP/1.1" 200 7313
[24/Aug/2026 16:06:13] "GET /api/v1/audit-logs/?page_size=25 HTTP/1.1" 200 7313
[24/Aug/2026 16:06:17] "GET /api/v1/audit-logs/?page_size=25 HTTP/1.1" 200 7313
[24/Aug/2026 16:06:20] "GET /api/v1/audit-logs/?page_size=25 HTTP/1.1" 200 7313
[24/Aug/2026 16:06:22] "GET /api/v1/audit-logs/?page_size=25 HTTP/1.1" 200 7313
[24/Aug/2026 16:06:26] "GET /api/v1/audit-logs/?page_size=25 HTTP/1.1" 200 7313
[24/Aug/2026 16:06:28] "GET /api/v1/audit-logs/?page_size=25 HTTP/1.1" 200 7313
[24/Aug/2026 16:06:31] "GET /api/v1/audit-logs/?page_size=25 HTTP/1.1" 200 7313
[24/Aug/2026 16:06:34] "GET /api/v1/audit-logs/?page_size=25 HTTP/1.1" 200 7313
[24/Aug/2026 16:06:37] "GET /api/v1/audit-logs/?page_size=25 HTTP/1.1" 200 7313
[24/Aug/2026 16:06:40] "GET /api/v1/audit-logs/?page_size=25 HTTP/1.1" 200 7313
[24/Aug/2026 16:06:43] "GET /api/v1/audit-logs/?page_size=25 HTTP/1.1" 200 7313
[24/Aug/2026 16:06:46] "GET /api/v1/audit-logs/?page_size=25 HTTP/1.1" 200 7313
[24/Aug/2026 16:06:49] "GET /api/v1/audit-logs/?page_size=25 HTTP/1.1" 200 7313
[24/Aug/2026 16:06:53] "GET /api/v1/audit-logs/?page_size=25 HTTP/1.1" 200 7313
[24/Aug/2026 16:06:56] "GET /api/v1/audit-logs/?page_size=25 HTTP/1.1" 200 7313
[24/Aug/2026 16:06:59] "GET /api/v1/audit-logs/?page_size=25 HTTP/1.1" 200 7313
[24/Aug/2026 16:07:02] "GET /api/v1/audit-logs/?page_size=25 HTTP/1.1" 200 7313
[24/Aug/2026 16:07:05] "GET /api/v1/audit-logs/?page_size=25 HTTP/1.1" 200 7313
[24/Aug/2026 16:07:08] "GET /api/v1/audit-logs/?page_size=25 HTTP/1.1" 200 7313
[24/Aug/2026 16:07:11] "GET /api/v1/audit-logs/?page_size=25 HTTP/1.1" 200 7313
[24/Aug/2026 16:07:14] "GET /api/v1/audit-logs/?page_size=25 HTTP/1.1" 200 7313
[24/Aug/2026 16:07:17] "GET /api/v1/audit-logs/?page_size=25 HTTP/1.1" 200 7313
[24/Aug/2026 16:07:20] "GET /api/v1/audit-logs/?page_size=25 HTTP/1.1" 200 7313
[24/Aug/2026 16:07:23] "GET /api/v1/audit-logs/?page_size=25 HTTP/1.1" 200 7313
[24/Aug/2026 16:07:26] "GET /api/v1/audit-logs/?page_size=25 HTTP/1.1" 200 7313
[24/Aug/2026 16:07:29] "GET /api/v1/audit-logs/?page_size=25 HTTP/1.1" 200 7313
[24/Aug/2026 16:07:32] "GET /api/v1/audit-logs/?page_size=25 HTTP/1.1" 200 7313
[24/Aug/2026 16:07:35] "GET /api/v1/audit-logs/?page_size=25 HTTP/1.1" 200 7313
[24/Aug/2026 16:07:38] "GET /api/v1/audit-logs/?page_size=25 HTTP/1.1" 200 7313
[24/Aug/2026 16:07:41] "GET /api/v1/audit-logs/?page_size=25 HTTP/1.1" 200 7313
[24/Aug/2026 16:07:44] "GET /api/v1/audit-logs/?page_size=25 HTTP/1.1" 200 7313
[24/Aug/2026 16:07:47] "GET /api/v1/audit-logs/?page_size=25 HTTP/1.1" 200 7313
[24/Aug/2026 16:07:50] "GET /api/v1/audit-logs/?page_size=25 HTTP/1.1" 200 7313
[24/Aug/2026 16:07:53] "GET /api/v1/audit-logs/?page_size=25 HTTP/1.1" 200 7313
[24/Aug/2026 16:07:56] "GET /api/v1/audit-logs/?page_size=25 HTTP/1.1" 200 7313
[24/Aug/2026 16:07:59] "GET /api/v1/audit-logs/?page_size=25 HTTP/1.1" 200 7313
[24/Aug/2026 16:08:02] "GET /api/v1/audit-logs/?page_size=25 HTTP/1.1" 200 7313
[24/Aug/2026 16:08:05] "GET /api/v1/audit-logs/?page_size=25 HTTP/1.1" 200 7313
[24/Aug/2026 16:08:08] "GET /api/v1/audit-logs/?page_size=25 HTTP/1.1" 200 7313
[24/Aug/2026 16:08:11] "GET /api/v1/audit-logs/?page_size=25 HTTP/1.1" 200 7313
[24/Aug/2026 16:08:14] "GET /api/v1/audit-logs/?page_size=25 HTTP/1.1" 200 7313
[24/Aug/2026 16:08:17] "GET /api/v1/audit-logs/?page_size=25 HTTP/1.1" 200 7313
[24/Aug/2026 16:08:20] "GET /api/v1/audit-logs/?page_size=25 HTTP/1.1" 200 7313
[24/Aug/2026 16:08:23] "GET /api/v1/audit-logs/?page_size=25 HTTP/1.1" 200 7313
[24/Aug/2026 16:08:26] "GET /api/v1/audit-logs/?page_size=25 HTTP/1.1" 200 7313
[24/Aug/2026 16:08:29] "GET /api/v1/audit-logs/?page_size=25 HTTP/1.1" 200 7313
[24/Aug/2026 16:08:32] "GET /api/v1/audit-logs/?page_size=25 HTTP/1.1" 200 7313
[24/Aug/2026 16:08:35] "GET /api/v1/audit-logs/?page_size=25 HTTP/1.1" 200 7313
[24/Aug/2026 16:08:38] "GET /api/v1/audit-logs/?page_size=25 HTTP/1.1" 200 7313
[24/Aug/2026 16:08:41] "GET /api/v1/audit-logs/?page_size=25 HTTP/1.1" 200 7313
[24/Aug/2026 16:08:44] "GET /api/v1/audit-logs/?page_size=25 HTTP/1.1" 200 7313
[24/Aug/2026 16:08:47] "GET /api/v1/audit-logs/?page_size=25 HTTP/1.1" 200 7313
[24/Aug/2026 16:08:50] "GET /api/v1/audit-logs/?page_size=25 HTTP/1.1" 200 7313
[24/Aug/2026 16:08:53] "GET /api/v1/audit-logs/?page_size=25 HTTP/1.1" 200 7313
[24/Aug/2026 16:08:56] "GET /api/v1/audit-logs/?page_size=25 HTTP/1.1" 200 7313
[24/Aug/2026 16:08:59] "GET /api/v1/audit-logs/?page_size=25 HTTP/1.1" 200 7313
[24/Aug/2026 16:09:02] "GET /api/v1/audit-logs/?page_size=25 HTTP/1.1" 200 7313
[24/Aug/2026 16:09:06] "GET /api/v1/audit-logs/?page_size=25 HTTP/1.1" 200 7313
[24/Aug/2026 16:09:08] "GET /api/v1/audit-logs/?page_size=25 HTTP/1.1" 200 7313
[24/Aug/2026 16:09:09] "GET /api/v1/audit-logs/?page_size=25 HTTP/1.1" 200 7313
[24/Aug/2026 16:09:10] "GET /api/v1/evenements/?page_size=5 HTTP/1.1" 200 847
[24/Aug/2026 16:09:10] "GET /api/v1/evenements/?page_size=1000 HTTP/1.1" 200 847
[24/Aug/2026 16:09:10] "GET /api/v1/membres/?page_size=5 HTTP/1.1" 200 1331
[24/Aug/2026 16:09:12] "OPTIONS /api/v1/rapports/?page=1&page_size=100 HTTP/1.1" 200 0
[24/Aug/2026 16:09:12] "GET /api/v1/rapports/?page=1&page_size=100 HTTP/1.1" 200 52
[24/Aug/2026 16:09:12] "GET /api/v1/audit-logs/?page_size=25 HTTP/1.1" 200 7313
[24/Aug/2026 16:09:15] "GET /api/v1/audit-logs/?page_size=25 HTTP/1.1" 200 7313
[24/Aug/2026 16:09:17] "GET /api/v1/audit-logs/?page_size=25 HTTP/1.1" 200 7313
[24/Aug/2026 16:09:18] "GET /api/v1/membres/statistiques/ HTTP/1.1" 200 2422
[24/Aug/2026 16:09:20] "GET /api/v1/audit-logs/?page_size=25 HTTP/1.1" 200 7313
[24/Aug/2026 16:09:22] "GET /api/v1/audit-logs/?page_size=25 HTTP/1.1" 200 7313
[24/Aug/2026 16:09:25] "GET /api/v1/audit-logs/?page_size=25 HTTP/1.1" 200 7313
[24/Aug/2026 16:09:27] "GET /api/v1/audit-logs/?page_size=25 HTTP/1.1" 200 7313
[24/Aug/2026 16:09:30] "GET /api/v1/audit-logs/?page_size=25 HTTP/1.1" 200 7313
[24/Aug/2026 16:09:32] "GET /api/v1/audit-logs/?page_size=25 HTTP/1.1" 200 7313
[24/Aug/2026 16:09:35] "GET /api/v1/audit-logs/?page_size=25 HTTP/1.1" 200 7313
[24/Aug/2026 16:09:37] "GET /api/v1/audit-logs/?page_size=25 HTTP/1.1" 200 7313
[24/Aug/2026 16:09:40] "GET /api/v1/audit-logs/?page_size=25 HTTP/1.1" 200 7313
[24/Aug/2026 16:09:43] "GET /api/v1/audit-logs/?page_size=25 HTTP/1.1" 200 7313
[24/Aug/2026 16:09:44] "OPTIONS /api/v1/membres/corbeille/ HTTP/1.1" 200 0
[24/Aug/2026 16:09:44] "OPTIONS /api/v1/evenements/corbeille/ HTTP/1.1" 200 0
[24/Aug/2026 16:09:44] "GET /api/v1/membres/corbeille/ HTTP/1.1" 200 831
[24/Aug/2026 16:09:44] "GET /api/v1/evenements/corbeille/ HTTP/1.1" 200 2
[24/Aug/2026 16:09:45] "GET /api/v1/audit-logs/?page_size=25 HTTP/1.1" 200 7313
[24/Aug/2026 16:09:46] "OPTIONS /api/v1/membres/1/restaurer/ HTTP/1.1" 200 0
[24/Aug/2026 16:09:46] "POST /api/v1/membres/1/restaurer/ HTTP/1.1" 200 1393
[24/Aug/2026 16:09:46] "GET /api/v1/membres/corbeille/ HTTP/1.1" 200 2
[24/Aug/2026 16:09:46] "GET /api/v1/evenements/corbeille/ HTTP/1.1" 200 2
[24/Aug/2026 16:09:46] "GET /api/v1/audit-logs/?page_size=25 HTTP/1.1" 200 8528
[24/Aug/2026 16:09:46] "GET /api/v1/membres/?page_size=5 HTTP/1.1" 200 2126
[24/Aug/2026 16:09:46] "GET /api/v1/audit-logs/?page_size=25 HTTP/1.1" 200 8528
[24/Aug/2026 16:09:47] "GET /api/v1/membres/corbeille/ HTTP/1.1" 200 2
[24/Aug/2026 16:09:47] "GET /api/v1/evenements/corbeille/ HTTP/1.1" 200 2
[24/Aug/2026 16:09:47] "GET /api/v1/evenements/?page_size=5 HTTP/1.1" 200 847
[24/Aug/2026 16:09:47] "GET /api/v1/membres/?page_size=5 HTTP/1.1" 200 2126
[24/Aug/2026 16:09:49] "GET /api/v1/membres/statistiques/ HTTP/1.1" 200 2422
[24/Aug/2026 16:09:49] "GET /api/v1/audit-logs/?page_size=25 HTTP/1.1" 200 8528
[24/Aug/2026 16:09:52] "GET /api/v1/audit-logs/?page_size=25 HTTP/1.1" 200 8528
[24/Aug/2026 16:09:53] "OPTIONS /api/v1/utilisateurs/?page_size=1000 HTTP/1.1" 200 0
[24/Aug/2026 16:09:53] "OPTIONS /api/v1/membres/?page_size=1000 HTTP/1.1" 200 0
[24/Aug/2026 16:09:53] "GET /api/v1/membres/?page_size=1000 HTTP/1.1" 200 2126
[24/Aug/2026 16:09:53] "GET /api/v1/utilisateurs/?page_size=1000 HTTP/1.1" 200 1006
[24/Aug/2026 16:09:55] "GET /api/v1/audit-logs/?page_size=25 HTTP/1.1" 200 8528
[24/Aug/2026 16:09:57] "GET /api/v1/audit-logs/?page_size=25 HTTP/1.1" 200 8528
[24/Aug/2026 16:10:00] "GET /api/v1/audit-logs/?page_size=25 HTTP/1.1" 200 8528
[24/Aug/2026 16:10:02] "GET /api/v1/audit-logs/?page_size=25 HTTP/1.1" 200 8528
[24/Aug/2026 16:10:05] "GET /api/v1/audit-logs/?page_size=25 HTTP/1.1" 200 8528
[24/Aug/2026 16:10:07] "GET /api/v1/audit-logs/?page_size=25 HTTP/1.1" 200 8528
[24/Aug/2026 16:10:10] "GET /api/v1/audit-logs/?page_size=25 HTTP/1.1" 200 8528
[24/Aug/2026 16:10:13] "GET /api/v1/audit-logs/?page_size=25 HTTP/1.1" 200 8528
[24/Aug/2026 16:10:15] "GET /api/v1/audit-logs/?page_size=25 HTTP/1.1" 200 8528
[24/Aug/2026 16:10:17] "GET /api/v1/galerie-images/?page_size=100 HTTP/1.1" 200 234
[24/Aug/2026 16:10:17] "GET /api/v1/evenements/?page_size=1000 HTTP/1.1" 200 847
[24/Aug/2026 16:10:17] "GET /api/v1/galerie-images/?page_size=100 HTTP/1.1" 200 234
[24/Aug/2026 16:10:18] "GET /api/v1/audit-logs/?page_size=25 HTTP/1.1" 200 8528
[24/Aug/2026 16:10:20] "GET /api/v1/audit-logs/?page_size=25 HTTP/1.1" 200 8528
[24/Aug/2026 16:10:21] "GET /api/v1/public/verset-du-jour/ HTTP/1.1" 200 141
[24/Aug/2026 16:10:21] "GET /api/v1/evenements/ HTTP/1.1" 200 847
[24/Aug/2026 16:10:21] "GET /api/v1/membres/ HTTP/1.1" 200 2126
[24/Aug/2026 16:10:23] "GET /api/v1/audit-logs/?page_size=25 HTTP/1.1" 200 8528
[24/Aug/2026 16:10:25] "GET /api/v1/audit-logs/?page_size=25 HTTP/1.1" 200 8528
[24/Aug/2026 16:10:28] "GET /api/v1/audit-logs/?page_size=25 HTTP/1.1" 200 8528
[24/Aug/2026 16:10:30] "GET /api/v1/audit-logs/?page_size=25 HTTP/1.1" 200 8528
[24/Aug/2026 16:10:33] "GET /api/v1/audit-logs/?page_size=25 HTTP/1.1" 200 8528
[24/Aug/2026 16:10:36] "GET /api/v1/audit-logs/?page_size=25 HTTP/1.1" 200 8528
[24/Aug/2026 16:10:38] "GET /api/v1/audit-logs/?page_size=25 HTTP/1.1" 200 8528
[24/Aug/2026 16:10:41] "GET /api/v1/audit-logs/?page_size=25 HTTP/1.1" 200 8528
[24/Aug/2026 16:10:43] "GET /api/v1/audit-logs/?page_size=25 HTTP/1.1" 200 8528
[24/Aug/2026 16:10:46] "GET /api/v1/audit-logs/?page_size=25 HTTP/1.1" 200 8528
[24/Aug/2026 16:10:48] "GET /api/v1/audit-logs/?page_size=25 HTTP/1.1" 200 8528
[24/Aug/2026 16:10:51] "GET /api/v1/audit-logs/?page_size=25 HTTP/1.1" 200 8528
[24/Aug/2026 16:10:54] "GET /api/v1/audit-logs/?page_size=25 HTTP/1.1" 200 8528
[24/Aug/2026 16:10:56] "GET /api/v1/audit-logs/?page_size=25 HTTP/1.1" 200 8528
[24/Aug/2026 16:10:59] "GET /api/v1/audit-logs/?page_size=25 HTTP/1.1" 200 8528
[24/Aug/2026 16:11:01] "GET /api/v1/audit-logs/?page_size=25 HTTP/1.1" 200 8528
[24/Aug/2026 16:11:04] "GET /api/v1/audit-logs/?page_size=25 HTTP/1.1" 200 8528
[24/Aug/2026 16:11:06] "GET /api/v1/audit-logs/?page_size=25 HTTP/1.1" 200 8528
[24/Aug/2026 16:11:09] "GET /api/v1/audit-logs/?page_size=25 HTTP/1.1" 200 8528
[24/Aug/2026 16:11:11] "GET /api/v1/audit-logs/?page_size=25 HTTP/1.1" 200 8528
[24/Aug/2026 16:11:14] "GET /api/v1/audit-logs/?page_size=25 HTTP/1.1" 200 8528
[24/Aug/2026 16:11:17] "GET /api/v1/audit-logs/?page_size=25 HTTP/1.1" 200 8528
[24/Aug/2026 16:11:19] "GET /api/v1/audit-logs/?page_size=25 HTTP/1.1" 200 8528
[24/Aug/2026 16:11:22] "GET /api/v1/audit-logs/?page_size=25 HTTP/1.1" 200 8528
[24/Aug/2026 16:11:24] "GET /api/v1/audit-logs/?page_size=25 HTTP/1.1" 200 8528
[24/Aug/2026 16:11:27] "GET /api/v1/audit-logs/?page_size=25 HTTP/1.1" 200 8528
[24/Aug/2026 16:11:31] "GET /api/v1/audit-logs/?page_size=25 HTTP/1.1" 200 8528
[24/Aug/2026 16:11:33] "GET /api/v1/audit-logs/?page_size=25 HTTP/1.1" 200 8528
[24/Aug/2026 16:11:35] "GET /api/v1/audit-logs/?page_size=25 HTTP/1.1" 200 8528
[24/Aug/2026 16:14:57] "POST /api/v1/auth/login/ HTTP/1.1" 200 748
[24/Aug/2026 16:14:57] "GET /api/v1/audit-logs/?page_size=25 HTTP/1.1" 200 8528
[24/Aug/2026 16:14:58] "GET /api/v1/evenements/?page_size=5 HTTP/1.1" 200 847
[24/Aug/2026 16:14:58] "GET /api/v1/evenements/ HTTP/1.1" 200 847
[24/Aug/2026 16:14:58] "GET /api/v1/membres/?page_size=5 HTTP/1.1" 200 2126
[24/Aug/2026 16:14:58] "GET /api/v1/membres/ HTTP/1.1" 200 2126
[24/Aug/2026 16:14:58] "GET /api/v1/membres/statistiques/ HTTP/1.1" 200 2422
[24/Aug/2026 16:15:00] "GET /api/v1/audit-logs/?page_size=25 HTTP/1.1" 200 8528
[24/Aug/2026 16:15:01] "GET /api/v1/utilisateurs/?page_size=1000 HTTP/1.1" 200 1006
[24/Aug/2026 16:15:01] "GET /api/v1/membres/?page_size=1000 HTTP/1.1" 200 2126
[24/Aug/2026 16:15:03] "GET /api/v1/audit-logs/?page_size=25 HTTP/1.1" 200 8528
[24/Aug/2026 16:15:05] "GET /api/v1/audit-logs/?page_size=25 HTTP/1.1" 200 8528
[24/Aug/2026 16:15:08] "GET /api/v1/audit-logs/?page_size=25 HTTP/1.1" 200 8528
[24/Aug/2026 16:15:10] "GET /api/v1/audit-logs/?page_size=25 HTTP/1.1" 200 8528
[24/Aug/2026 16:15:13] "GET /api/v1/audit-logs/?page_size=25 HTTP/1.1" 200 8528
[24/Aug/2026 16:15:15] "GET /api/v1/audit-logs/?page_size=25 HTTP/1.1" 200 8528
[24/Aug/2026 16:15:18] "GET /api/v1/audit-logs/?page_size=25 HTTP/1.1" 200 8528
[24/Aug/2026 16:15:21] "GET /api/v1/audit-logs/?page_size=25 HTTP/1.1" 200 8528
[24/Aug/2026 16:15:24] "GET /api/v1/audit-logs/?page_size=25 HTTP/1.1" 200 8528
[24/Aug/2026 16:15:27] "GET /api/v1/audit-logs/?page_size=25 HTTP/1.1" 200 8528
[24/Aug/2026 16:15:30] "GET /api/v1/audit-logs/?page_size=25 HTTP/1.1" 200 8528
[24/Aug/2026 16:15:33] "GET /api/v1/audit-logs/?page_size=25 HTTP/1.1" 200 8528
[24/Aug/2026 16:15:36] "GET /api/v1/audit-logs/?page_size=25 HTTP/1.1" 200 8528
[24/Aug/2026 16:15:39] "GET /api/v1/audit-logs/?page_size=25 HTTP/1.1" 200 8528
[24/Aug/2026 16:15:42] "GET /api/v1/audit-logs/?page_size=25 HTTP/1.1" 200 8528
[24/Aug/2026 16:15:45] "GET /api/v1/audit-logs/?page_size=25 HTTP/1.1" 200 8528
[24/Aug/2026 16:15:48] "GET /api/v1/audit-logs/?page_size=25 HTTP/1.1" 200 8528
[24/Aug/2026 16:15:51] "GET /api/v1/audit-logs/?page_size=25 HTTP/1.1" 200 8528
[24/Aug/2026 16:15:54] "GET /api/v1/audit-logs/?page_size=25 HTTP/1.1" 200 8528
[24/Aug/2026 16:15:58] "GET /api/v1/audit-logs/?page_size=25 HTTP/1.1" 200 8528
[24/Aug/2026 16:16:01] "GET /api/v1/audit-logs/?page_size=25 HTTP/1.1" 200 8528
[24/Aug/2026 16:16:04] "GET /api/v1/audit-logs/?page_size=25 HTTP/1.1" 200 8528
[24/Aug/2026 16:16:07] "GET /api/v1/audit-logs/?page_size=25 HTTP/1.1" 200 8528
[24/Aug/2026 16:16:09] "GET /api/v1/audit-logs/?page_size=25 HTTP/1.1" 200 8528
[24/Aug/2026 16:16:12] "GET /api/v1/audit-logs/?page_size=25 HTTP/1.1" 200 8528
[24/Aug/2026 16:16:13] "GET /api/v1/evenements/?page_size=1000 HTTP/1.1" 200 847
[24/Aug/2026 16:16:13] "GET /api/v1/galerie-images/?page_size=100 HTTP/1.1" 200 234
[24/Aug/2026 16:16:14] "GET /api/v1/galerie-images/?page_size=100 HTTP/1.1" 200 234
[24/Aug/2026 16:16:14] "GET /api/v1/audit-logs/?page_size=25 HTTP/1.1" 200 8528
[24/Aug/2026 16:16:17] "GET /api/v1/evenements/?page=1&page_size=100 HTTP/1.1" 200 847
[24/Aug/2026 16:16:17] "GET /api/v1/audit-logs/?page_size=25 HTTP/1.1" 200 8528
[24/Aug/2026 16:16:17] "GET /api/v1/galerie-images/?page_size=100 HTTP/1.1" 200 234
[24/Aug/2026 16:16:18] "GET /api/v1/galerie-images/?page_size=100 HTTP/1.1" 200 234
[24/Aug/2026 16:17:06] "POST /api/v1/auth/login/ HTTP/1.1" 200 748
[24/Aug/2026 16:17:06] "GET /api/v1/audit-logs/?page_size=25 HTTP/1.1" 200 8528
[24/Aug/2026 16:17:07] "GET /api/v1/public/verset-du-jour/ HTTP/1.1" 200 141
[24/Aug/2026 16:17:07] "GET /api/v1/evenements/?page_size=5 HTTP/1.1" 200 847
[24/Aug/2026 16:17:07] "GET /api/v1/membres/?page_size=5 HTTP/1.1" 200 2126
[24/Aug/2026 16:17:07] "GET /api/v1/membres/ HTTP/1.1" 200 2126
[24/Aug/2026 16:17:07] "GET /api/v1/membres/statistiques/ HTTP/1.1" 200 2422
[24/Aug/2026 16:17:07] "GET /api/v1/evenements/ HTTP/1.1" 200 847
[24/Aug/2026 16:17:09] "GET /api/v1/audit-logs/?page_size=25 HTTP/1.1" 200 8528
[24/Aug/2026 16:17:10] "GET /api/v1/galerie-images/?page_size=100 HTTP/1.1" 200 234
[24/Aug/2026 16:17:10] "GET /api/v1/evenements/?page_size=1000 HTTP/1.1" 200 847
[24/Aug/2026 16:17:10] "GET /api/v1/galerie-images/?page_size=100 HTTP/1.1" 200 234
[24/Aug/2026 16:17:12] "GET /api/v1/audit-logs/?page_size=25 HTTP/1.1" 200 8528
[24/Aug/2026 16:17:15] "GET /api/v1/audit-logs/?page_size=25 HTTP/1.1" 200 8528
[24/Aug/2026 16:17:17] "GET /api/v1/audit-logs/?page_size=25 HTTP/1.1" 200 8528
[24/Aug/2026 16:17:20] "GET /api/v1/audit-logs/?page_size=25 HTTP/1.1" 200 8528
[24/Aug/2026 16:17:22] "GET /api/v1/audit-logs/?page_size=25 HTTP/1.1" 200 8528
[24/Aug/2026 16:17:25] "GET /api/v1/audit-logs/?page_size=25 HTTP/1.1" 200 8528
[24/Aug/2026 16:17:26] "GET /api/v1/rapports/?page=1&page_size=100 HTTP/1.1" 200 52
[24/Aug/2026 16:17:27] "GET /api/v1/audit-logs/?page_size=25 HTTP/1.1" 200 8528
[24/Aug/2026 16:17:30] "GET /api/v1/audit-logs/?page_size=25 HTTP/1.1" 200 8528
[24/Aug/2026 16:17:30] "GET /api/v1/statuts/ HTTP/1.1" 200 209
[24/Aug/2026 16:17:33] "GET /api/v1/audit-logs/?page_size=25 HTTP/1.1" 200 8528
[24/Aug/2026 16:17:35] "GET /api/v1/audit-logs/?page_size=25 HTTP/1.1" 200 8528
[24/Aug/2026 16:17:38] "GET /api/v1/audit-logs/?page_size=25 HTTP/1.1" 200 8528
[24/Aug/2026 16:17:38] "OPTIONS /api/v1/lettres/?page_size=1000 HTTP/1.1" 200 0
[24/Aug/2026 16:17:39] "GET /api/v1/lettres/?page_size=1000 HTTP/1.1" 200 1118
[24/Aug/2026 16:17:39] "GET /api/v1/membres/?page_size=1000 HTTP/1.1" 200 2126
[24/Aug/2026 16:17:40] "GET /api/v1/audit-logs/?page_size=25 HTTP/1.1" 200 8528
[24/Aug/2026 16:17:43] "GET /api/v1/audit-logs/?page_size=25 HTTP/1.1" 200 8528
[24/Aug/2026 16:17:45] "GET /api/v1/audit-logs/?page_size=25 HTTP/1.1" 200 8528
[24/Aug/2026 16:17:48] "GET /api/v1/audit-logs/?page_size=25 HTTP/1.1" 200 8528
[24/Aug/2026 16:17:51] "GET /api/v1/audit-logs/?page_size=25 HTTP/1.1" 200 8528
[24/Aug/2026 16:17:53] "GET /api/v1/audit-logs/?page_size=25 HTTP/1.1" 200 8528
[24/Aug/2026 16:17:56] "GET /api/v1/audit-logs/?page_size=25 HTTP/1.1" 200 8528
[24/Aug/2026 16:17:58] "GET /api/v1/audit-logs/?page_size=25 HTTP/1.1" 200 8528
[24/Aug/2026 16:18:01] "GET /api/v1/audit-logs/?page_size=25 HTTP/1.1" 200 8528
[24/Aug/2026 16:18:04] "GET /api/v1/audit-logs/?page_size=25 HTTP/1.1" 200 8528
[24/Aug/2026 16:18:06] "GET /api/v1/audit-logs/?page_size=25 HTTP/1.1" 200 8528
[24/Aug/2026 16:18:09] "GET /api/v1/audit-logs/?page_size=25 HTTP/1.1" 200 8528
[24/Aug/2026 16:18:11] "GET /api/v1/audit-logs/?page_size=25 HTTP/1.1" 200 8528
[24/Aug/2026 16:18:14] "GET /api/v1/utilisateurs/?page_size=1000 HTTP/1.1" 200 1006
[24/Aug/2026 16:18:14] "GET /api/v1/audit-logs/?page_size=25 HTTP/1.1" 200 8528
[24/Aug/2026 16:18:16] "GET /api/v1/audit-logs/?page_size=25 HTTP/1.1" 200 8528
[24/Aug/2026 16:18:19] "GET /api/v1/audit-logs/?page_size=25 HTTP/1.1" 200 8528
[24/Aug/2026 16:18:22] "GET /api/v1/audit-logs/?page_size=25 HTTP/1.1" 200 8528
[24/Aug/2026 16:18:24] "GET /api/v1/audit-logs/?page_size=25 HTTP/1.1" 200 8528
[24/Aug/2026 16:18:27] "GET /api/v1/audit-logs/?page_size=25 HTTP/1.1" 200 8528
[24/Aug/2026 16:18:29] "GET /api/v1/audit-logs/?page_size=25 HTTP/1.1" 200 8528
[24/Aug/2026 16:18:32] "GET /api/v1/audit-logs/?page_size=25 HTTP/1.1" 200 8528
[24/Aug/2026 16:18:34] "GET /api/v1/audit-logs/?page_size=25 HTTP/1.1" 200 8528
[24/Aug/2026 16:18:37] "GET /api/v1/audit-logs/?page_size=25 HTTP/1.1" 200 8528
[24/Aug/2026 16:18:40] "GET /api/v1/audit-logs/?page_size=25 HTTP/1.1" 200 8528
[24/Aug/2026 16:18:42] "GET /api/v1/audit-logs/?page_size=25 HTTP/1.1" 200 8528
[24/Aug/2026 16:18:45] "GET /api/v1/audit-logs/?page_size=25 HTTP/1.1" 200 8528
[24/Aug/2026 16:18:47] "GET /api/v1/audit-logs/?page_size=25 HTTP/1.1" 200 8528
[24/Aug/2026 16:18:50] "GET /api/v1/audit-logs/?page_size=25 HTTP/1.1" 200 8528
[24/Aug/2026 16:18:52] "GET /api/v1/audit-logs/?page_size=25 HTTP/1.1" 200 8528
[24/Aug/2026 16:18:55] "GET /api/v1/audit-logs/?page_size=25 HTTP/1.1" 200 8528
[24/Aug/2026 16:18:58] "GET /api/v1/audit-logs/?page_size=25 HTTP/1.1" 200 8528
[24/Aug/2026 16:19:01] "GET /api/v1/audit-logs/?page_size=25 HTTP/1.1" 200 8528
[24/Aug/2026 16:19:04] "GET /api/v1/audit-logs/?page_size=25 HTTP/1.1" 200 8528
[24/Aug/2026 16:19:08] "GET /api/v1/audit-logs/?page_size=25 HTTP/1.1" 200 8528
[24/Aug/2026 16:19:11] "GET /api/v1/audit-logs/?page_size=25 HTTP/1.1" 200 8528
[24/Aug/2026 16:19:14] "GET /api/v1/audit-logs/?page_size=25 HTTP/1.1" 200 8528
[24/Aug/2026 16:19:18] "GET /api/v1/audit-logs/?page_size=25 HTTP/1.1" 200 8528
[24/Aug/2026 16:19:21] "GET /api/v1/audit-logs/?page_size=25 HTTP/1.1" 200 8528
[24/Aug/2026 16:19:24] "GET /api/v1/audit-logs/?page_size=25 HTTP/1.1" 200 8528
[24/Aug/2026 16:19:28] "GET /api/v1/audit-logs/?page_size=25 HTTP/1.1" 200 8528
[24/Aug/2026 16:19:31] "GET /api/v1/evenements/?page_size=5 HTTP/1.1" 200 847
[24/Aug/2026 16:19:31] "GET /api/v1/audit-logs/?page_size=25 HTTP/1.1" 200 8528
[24/Aug/2026 16:19:31] "GET /api/v1/membres/?page_size=5 HTTP/1.1" 200 2126
[24/Aug/2026 16:19:35] "GET /api/v1/audit-logs/?page_size=25 HTTP/1.1" 200 8528
[24/Aug/2026 16:19:39] "GET /api/v1/audit-logs/?page_size=25 HTTP/1.1" 200 8528
[24/Aug/2026 16:19:41] "GET /api/v1/audit-logs/?page_size=25 HTTP/1.1" 200 8528
[24/Aug/2026 16:19:44] "GET /api/v1/audit-logs/?page_size=25 HTTP/1.1" 200 8528
[24/Aug/2026 16:19:47] "GET /api/v1/audit-logs/?page_size=25 HTTP/1.1" 200 8528
[24/Aug/2026 16:19:50] "GET /api/v1/audit-logs/?page_size=25 HTTP/1.1" 200 8528
[24/Aug/2026 16:19:53] "GET /api/v1/audit-logs/?page_size=25 HTTP/1.1" 200 8528
[24/Aug/2026 16:19:56] "GET /api/v1/audit-logs/?page_size=25 HTTP/1.1" 200 8528
[24/Aug/2026 16:19:59] "GET /api/v1/audit-logs/?page_size=25 HTTP/1.1" 200 8528
[24/Aug/2026 16:20:02] "GET /api/v1/audit-logs/?page_size=25 HTTP/1.1" 200 8528
[24/Aug/2026 16:20:05] "GET /api/v1/audit-logs/?page_size=25 HTTP/1.1" 200 8528
[24/Aug/2026 16:20:08] "GET /api/v1/audit-logs/?page_size=25 HTTP/1.1" 200 8528
[24/Aug/2026 16:20:11] "GET /api/v1/audit-logs/?page_size=25 HTTP/1.1" 200 8528
[24/Aug/2026 16:20:14] "GET /api/v1/audit-logs/?page_size=25 HTTP/1.1" 200 8528
[24/Aug/2026 16:20:17] "GET /api/v1/audit-logs/?page_size=25 HTTP/1.1" 200 8528
[24/Aug/2026 16:20:20] "GET /api/v1/audit-logs/?page_size=25 HTTP/1.1" 200 8528
[24/Aug/2026 16:20:23] "GET /api/v1/audit-logs/?page_size=25 HTTP/1.1" 200 8528
[24/Aug/2026 16:20:26] "GET /api/v1/audit-logs/?page_size=25 HTTP/1.1" 200 8528
[24/Aug/2026 16:20:30] "GET /api/v1/audit-logs/?page_size=25 HTTP/1.1" 200 8528
[24/Aug/2026 16:20:32] "GET /api/v1/audit-logs/?page_size=25 HTTP/1.1" 200 8528
[24/Aug/2026 16:20:35] "GET /api/v1/audit-logs/?page_size=25 HTTP/1.1" 200 8528
[24/Aug/2026 16:20:38] "GET /api/v1/audit-logs/?page_size=25 HTTP/1.1" 200 8528
[24/Aug/2026 16:20:41] "GET /api/v1/audit-logs/?page_size=25 HTTP/1.1" 200 8528
[24/Aug/2026 16:20:44] "GET /api/v1/audit-logs/?page_size=25 HTTP/1.1" 200 8528
[24/Aug/2026 16:20:48] "GET /api/v1/audit-logs/?page_size=25 HTTP/1.1" 200 8528
[24/Aug/2026 16:20:50] "GET /api/v1/audit-logs/?page_size=25 HTTP/1.1" 200 8528
[24/Aug/2026 16:20:53] "GET /api/v1/audit-logs/?page_size=25 HTTP/1.1" 200 8528
[24/Aug/2026 16:20:56] "GET /api/v1/audit-logs/?page_size=25 HTTP/1.1" 200 8528
[24/Aug/2026 16:20:59] "GET /api/v1/audit-logs/?page_size=25 HTTP/1.1" 200 8528
[24/Aug/2026 16:21:02] "GET /api/v1/audit-logs/?page_size=25 HTTP/1.1" 200 8528
[24/Aug/2026 16:21:05] "GET /api/v1/audit-logs/?page_size=25 HTTP/1.1" 200 8528
[24/Aug/2026 16:21:08] "GET /api/v1/audit-logs/?page_size=25 HTTP/1.1" 200 8528
[24/Aug/2026 16:21:11] "GET /api/v1/audit-logs/?page_size=25 HTTP/1.1" 200 8528
[24/Aug/2026 16:21:14] "GET /api/v1/audit-logs/?page_size=25 HTTP/1.1" 200 8528
[24/Aug/2026 16:21:17] "GET /api/v1/audit-logs/?page_size=25 HTTP/1.1" 200 8528
[24/Aug/2026 16:21:20] "GET /api/v1/audit-logs/?page_size=25 HTTP/1.1" 200 8528
[24/Aug/2026 16:21:23] "GET /api/v1/audit-logs/?page_size=25 HTTP/1.1" 200 8528
[24/Aug/2026 16:21:26] "GET /api/v1/audit-logs/?page_size=25 HTTP/1.1" 200 8528
[24/Aug/2026 16:21:29] "GET /api/v1/audit-logs/?page_size=25 HTTP/1.1" 200 8528
[24/Aug/2026 16:21:32] "GET /api/v1/audit-logs/?page_size=25 HTTP/1.1" 200 8528
[24/Aug/2026 16:21:35] "GET /api/v1/audit-logs/?page_size=25 HTTP/1.1" 200 8528
[24/Aug/2026 16:21:38] "GET /api/v1/audit-logs/?page_size=25 HTTP/1.1" 200 8528
[24/Aug/2026 16:21:41] "GET /api/v1/audit-logs/?page_size=25 HTTP/1.1" 200 8528
[24/Aug/2026 16:21:44] "GET /api/v1/audit-logs/?page_size=25 HTTP/1.1" 200 8528
[24/Aug/2026 16:21:47] "GET /api/v1/audit-logs/?page_size=25 HTTP/1.1" 200 8528
[24/Aug/2026 16:21:50] "GET /api/v1/audit-logs/?page_size=25 HTTP/1.1" 200 8528
[24/Aug/2026 16:21:53] "GET /api/v1/audit-logs/?page_size=25 HTTP/1.1" 200 8528
[24/Aug/2026 16:21:56] "GET /api/v1/audit-logs/?page_size=25 HTTP/1.1" 200 8528
[24/Aug/2026 16:21:59] "GET /api/v1/audit-logs/?page_size=25 HTTP/1.1" 200 8528
[24/Aug/2026 16:22:02] "GET /api/v1/audit-logs/?page_size=25 HTTP/1.1" 200 8528
[24/Aug/2026 16:22:06] "GET /api/v1/audit-logs/?page_size=25 HTTP/1.1" 200 8528
[24/Aug/2026 16:22:08] "GET /api/v1/audit-logs/?page_size=25 HTTP/1.1" 200 8528
[24/Aug/2026 16:22:12] "GET /api/v1/audit-logs/?page_size=25 HTTP/1.1" 200 8528
[24/Aug/2026 16:22:14] "GET /api/v1/audit-logs/?page_size=25 HTTP/1.1" 200 8528
[24/Aug/2026 16:22:17] "GET /api/v1/audit-logs/?page_size=25 HTTP/1.1" 200 8528
[24/Aug/2026 16:22:20] "GET /api/v1/audit-logs/?page_size=25 HTTP/1.1" 200 8528
[24/Aug/2026 16:22:23] "GET /api/v1/audit-logs/?page_size=25 HTTP/1.1" 200 8528
[24/Aug/2026 16:22:26] "GET /api/v1/audit-logs/?page_size=25 HTTP/1.1" 200 8528
[24/Aug/2026 16:22:29] "GET /api/v1/audit-logs/?page_size=25 HTTP/1.1" 200 8528
[24/Aug/2026 16:22:32] "GET /api/v1/audit-logs/?page_size=25 HTTP/1.1" 200 8528
[24/Aug/2026 16:22:35] "GET /api/v1/audit-logs/?page_size=25 HTTP/1.1" 200 8528
[24/Aug/2026 16:22:38] "GET /api/v1/audit-logs/?page_size=25 HTTP/1.1" 200 8528
[24/Aug/2026 16:22:41] "GET /api/v1/audit-logs/?page_size=25 HTTP/1.1" 200 8528
[24/Aug/2026 16:22:44] "GET /api/v1/audit-logs/?page_size=25 HTTP/1.1" 200 8528
[24/Aug/2026 16:22:47] "GET /api/v1/audit-logs/?page_size=25 HTTP/1.1" 200 8528
[24/Aug/2026 16:22:50] "GET /api/v1/audit-logs/?page_size=25 HTTP/1.1" 200 8528
[24/Aug/2026 16:22:53] "GET /api/v1/audit-logs/?page_size=25 HTTP/1.1" 200 8528
[24/Aug/2026 16:22:56] "GET /api/v1/audit-logs/?page_size=25 HTTP/1.1" 200 8528
[24/Aug/2026 16:22:59] "GET /api/v1/audit-logs/?page_size=25 HTTP/1.1" 200 8528
[24/Aug/2026 16:23:02] "GET /api/v1/audit-logs/?page_size=25 HTTP/1.1" 200 8528
[24/Aug/2026 16:23:05] "GET /api/v1/audit-logs/?page_size=25 HTTP/1.1" 200 8528
[24/Aug/2026 16:23:08] "GET /api/v1/audit-logs/?page_size=25 HTTP/1.1" 200 8528
[24/Aug/2026 16:23:11] "GET /api/v1/audit-logs/?page_size=25 HTTP/1.1" 200 8528
[24/Aug/2026 16:23:14] "GET /api/v1/audit-logs/?page_size=25 HTTP/1.1" 200 8528
[24/Aug/2026 16:23:17] "GET /api/v1/audit-logs/?page_size=25 HTTP/1.1" 200 8528
[24/Aug/2026 16:23:20] "GET /api/v1/audit-logs/?page_size=25 HTTP/1.1" 200 8528
[24/Aug/2026 16:23:23] "GET /api/v1/audit-logs/?page_size=25 HTTP/1.1" 200 8528
[24/Aug/2026 16:23:26] "GET /api/v1/audit-logs/?page_size=25 HTTP/1.1" 200 8528
[24/Aug/2026 16:23:29] "GET /api/v1/audit-logs/?page_size=25 HTTP/1.1" 200 8528
[24/Aug/2026 16:23:32] "GET /api/v1/audit-logs/?page_size=25 HTTP/1.1" 200 8528
[24/Aug/2026 16:23:35] "GET /api/v1/audit-logs/?page_size=25 HTTP/1.1" 200 8528
[24/Aug/2026 16:23:38] "GET /api/v1/audit-logs/?page_size=25 HTTP/1.1" 200 8528
[24/Aug/2026 16:23:41] "GET /api/v1/audit-logs/?page_size=25 HTTP/1.1" 200 8528
[24/Aug/2026 16:23:44] "GET /api/v1/audit-logs/?page_size=25 HTTP/1.1" 200 8528
[24/Aug/2026 16:23:47] "GET /api/v1/audit-logs/?page_size=25 HTTP/1.1" 200 8528
[24/Aug/2026 16:23:50] "GET /api/v1/audit-logs/?page_size=25 HTTP/1.1" 200 8528
[24/Aug/2026 16:23:53] "GET /api/v1/audit-logs/?page_size=25 HTTP/1.1" 200 8528
[24/Aug/2026 16:23:56] "GET /api/v1/audit-logs/?page_size=25 HTTP/1.1" 200 8528
[24/Aug/2026 16:23:59] "GET /api/v1/audit-logs/?page_size=25 HTTP/1.1" 200 8528
[24/Aug/2026 16:24:02] "GET /api/v1/audit-logs/?page_size=25 HTTP/1.1" 200 8528
[24/Aug/2026 16:24:05] "GET /api/v1/audit-logs/?page_size=25 HTTP/1.1" 200 8528
[24/Aug/2026 16:24:08] "GET /api/v1/audit-logs/?page_size=25 HTTP/1.1" 200 8528
[24/Aug/2026 16:24:12] "GET /api/v1/audit-logs/?page_size=25 HTTP/1.1" 200 8528
[24/Aug/2026 16:24:14] "GET /api/v1/audit-logs/?page_size=25 HTTP/1.1" 200 8528
[24/Aug/2026 16:24:17] "GET /api/v1/audit-logs/?page_size=25 HTTP/1.1" 200 8528
[24/Aug/2026 16:24:20] "GET /api/v1/audit-logs/?page_size=25 HTTP/1.1" 200 8528
[24/Aug/2026 16:24:23] "GET /api/v1/audit-logs/?page_size=25 HTTP/1.1" 200 8528
[24/Aug/2026 16:24:26] "GET /api/v1/audit-logs/?page_size=25 HTTP/1.1" 200 8528
[24/Aug/2026 16:24:30] "GET /api/v1/audit-logs/?page_size=25 HTTP/1.1" 200 8528
[24/Aug/2026 16:24:32] "GET /api/v1/audit-logs/?page_size=25 HTTP/1.1" 200 8528
[24/Aug/2026 16:24:35] "GET /api/v1/audit-logs/?page_size=25 HTTP/1.1" 200 8528
[24/Aug/2026 16:24:38] "GET /api/v1/audit-logs/?page_size=25 HTTP/1.1" 200 8528
[24/Aug/2026 16:24:41] "GET /api/v1/audit-logs/?page_size=25 HTTP/1.1" 200 8528
[24/Aug/2026 16:24:44] "GET /api/v1/audit-logs/?page_size=25 HTTP/1.1" 200 8528
[24/Aug/2026 16:24:47] "GET /api/v1/audit-logs/?page_size=25 HTTP/1.1" 200 8528
[24/Aug/2026 16:24:51] "GET /api/v1/audit-logs/?page_size=25 HTTP/1.1" 200 8528
[24/Aug/2026 16:24:53] "GET /api/v1/audit-logs/?page_size=25 HTTP/1.1" 200 8528
[24/Aug/2026 16:24:56] "GET /api/v1/audit-logs/?page_size=25 HTTP/1.1" 200 8528
[24/Aug/2026 16:25:02] "GET /api/v1/audit-logs/?page_size=25 HTTP/1.1" 200 8528
[24/Aug/2026 16:25:05] "GET /api/v1/audit-logs/?page_size=25 HTTP/1.1" 200 8528
[24/Aug/2026 16:25:09] "GET /api/v1/audit-logs/?page_size=25 HTTP/1.1" 200 8528
[24/Aug/2026 16:25:14] "GET /api/v1/audit-logs/?page_size=25 HTTP/1.1" 200 8528
[24/Aug/2026 16:25:22] "GET /api/v1/audit-logs/?page_size=25 HTTP/1.1" 200 8528
[24/Aug/2026 16:26:03] "GET /api/v1/audit-logs/?page_size=25 HTTP/1.1" 200 8528
